Archive member included to satisfy reference by file (symbol)

D:/STM32CubeIDE/STM32CubeIDE_1.7.0/STM32CubeIDE/plugins/com.st.stm32cube.ide.mcu.externaltools.gnu-tools-for-stm32.11.3.rel1.win32_1.1.100.202309141235/tools/bin/../lib/gcc/arm-none-eabi/11.3.1/../../../../arm-none-eabi/lib/thumb/v6-m/nofp\libc_nano.a(libc_a-exit.o)
                              D:/STM32CubeIDE/STM32CubeIDE_1.7.0/STM32CubeIDE/plugins/com.st.stm32cube.ide.mcu.externaltools.gnu-tools-for-stm32.11.3.rel1.win32_1.1.100.202309141235/tools/bin/../lib/gcc/arm-none-eabi/11.3.1/../../../../arm-none-eabi/lib/thumb/v6-m/nofp/crt0.o (exit)
D:/STM32CubeIDE/STM32CubeIDE_1.7.0/STM32CubeIDE/plugins/com.st.stm32cube.ide.mcu.externaltools.gnu-tools-for-stm32.11.3.rel1.win32_1.1.100.202309141235/tools/bin/../lib/gcc/arm-none-eabi/11.3.1/../../../../arm-none-eabi/lib/thumb/v6-m/nofp\libc_nano.a(libc_a-malloc.o)
                              ./my_lib/Src/my_nmea.o (malloc)
D:/STM32CubeIDE/STM32CubeIDE_1.7.0/STM32CubeIDE/plugins/com.st.stm32cube.ide.mcu.externaltools.gnu-tools-for-stm32.11.3.rel1.win32_1.1.100.202309141235/tools/bin/../lib/gcc/arm-none-eabi/11.3.1/../../../../arm-none-eabi/lib/thumb/v6-m/nofp\libc_nano.a(libc_a-mallocr.o)
                              D:/STM32CubeIDE/STM32CubeIDE_1.7.0/STM32CubeIDE/plugins/com.st.stm32cube.ide.mcu.externaltools.gnu-tools-for-stm32.11.3.rel1.win32_1.1.100.202309141235/tools/bin/../lib/gcc/arm-none-eabi/11.3.1/../../../../arm-none-eabi/lib/thumb/v6-m/nofp\libc_nano.a(libc_a-malloc.o) (_malloc_r)
D:/STM32CubeIDE/STM32CubeIDE_1.7.0/STM32CubeIDE/plugins/com.st.stm32cube.ide.mcu.externaltools.gnu-tools-for-stm32.11.3.rel1.win32_1.1.100.202309141235/tools/bin/../lib/gcc/arm-none-eabi/11.3.1/../../../../arm-none-eabi/lib/thumb/v6-m/nofp\libc_nano.a(libc_a-mlock.o)
                              D:/STM32CubeIDE/STM32CubeIDE_1.7.0/STM32CubeIDE/plugins/com.st.stm32cube.ide.mcu.externaltools.gnu-tools-for-stm32.11.3.rel1.win32_1.1.100.202309141235/tools/bin/../lib/gcc/arm-none-eabi/11.3.1/../../../../arm-none-eabi/lib/thumb/v6-m/nofp\libc_nano.a(libc_a-mallocr.o) (__malloc_lock)
D:/STM32CubeIDE/STM32CubeIDE_1.7.0/STM32CubeIDE/plugins/com.st.stm32cube.ide.mcu.externaltools.gnu-tools-for-stm32.11.3.rel1.win32_1.1.100.202309141235/tools/bin/../lib/gcc/arm-none-eabi/11.3.1/../../../../arm-none-eabi/lib/thumb/v6-m/nofp\libc_nano.a(libc_a-strtod.o)
                              ./my_lib/Src/my_conversions.o (strtod)
D:/STM32CubeIDE/STM32CubeIDE_1.7.0/STM32CubeIDE/plugins/com.st.stm32cube.ide.mcu.externaltools.gnu-tools-for-stm32.11.3.rel1.win32_1.1.100.202309141235/tools/bin/../lib/gcc/arm-none-eabi/11.3.1/../../../../arm-none-eabi/lib/thumb/v6-m/nofp\libc_nano.a(libc_a-strtol.o)
                              ./my_lib/Src/my_nmea.o (strtol)
D:/STM32CubeIDE/STM32CubeIDE_1.7.0/STM32CubeIDE/plugins/com.st.stm32cube.ide.mcu.externaltools.gnu-tools-for-stm32.11.3.rel1.win32_1.1.100.202309141235/tools/bin/../lib/gcc/arm-none-eabi/11.3.1/../../../../arm-none-eabi/lib/thumb/v6-m/nofp\libc_nano.a(libc_a-ctype_.o)
                              ./my_drivers/Src/astronode_application.o (_ctype_)
D:/STM32CubeIDE/STM32CubeIDE_1.7.0/STM32CubeIDE/plugins/com.st.stm32cube.ide.mcu.externaltools.gnu-tools-for-stm32.11.3.rel1.win32_1.1.100.202309141235/tools/bin/../lib/gcc/arm-none-eabi/11.3.1/../../../../arm-none-eabi/lib/thumb/v6-m/nofp\libc_nano.a(libc_a-findfp.o)
                              D:/STM32CubeIDE/STM32CubeIDE_1.7.0/STM32CubeIDE/plugins/com.st.stm32cube.ide.mcu.externaltools.gnu-tools-for-stm32.11.3.rel1.win32_1.1.100.202309141235/tools/bin/../lib/gcc/arm-none-eabi/11.3.1/../../../../arm-none-eabi/lib/thumb/v6-m/nofp\libc_nano.a(libc_a-exit.o) (__stdio_exit_handler)
D:/STM32CubeIDE/STM32CubeIDE_1.7.0/STM32CubeIDE/plugins/com.st.stm32cube.ide.mcu.externaltools.gnu-tools-for-stm32.11.3.rel1.win32_1.1.100.202309141235/tools/bin/../lib/gcc/arm-none-eabi/11.3.1/../../../../arm-none-eabi/lib/thumb/v6-m/nofp\libc_nano.a(libc_a-fwalk.o)
                              D:/STM32CubeIDE/STM32CubeIDE_1.7.0/STM32CubeIDE/plugins/com.st.stm32cube.ide.mcu.externaltools.gnu-tools-for-stm32.11.3.rel1.win32_1.1.100.202309141235/tools/bin/../lib/gcc/arm-none-eabi/11.3.1/../../../../arm-none-eabi/lib/thumb/v6-m/nofp\libc_nano.a(libc_a-findfp.o) (_fwalk_sglue)
D:/STM32CubeIDE/STM32CubeIDE_1.7.0/STM32CubeIDE/plugins/com.st.stm32cube.ide.mcu.externaltools.gnu-tools-for-stm32.11.3.rel1.win32_1.1.100.202309141235/tools/bin/../lib/gcc/arm-none-eabi/11.3.1/../../../../arm-none-eabi/lib/thumb/v6-m/nofp\libc_nano.a(libc_a-snprintf.o)
                              ./my_drivers/Src/astronode_application.o (snprintf)
D:/STM32CubeIDE/STM32CubeIDE_1.7.0/STM32CubeIDE/plugins/com.st.stm32cube.ide.mcu.externaltools.gnu-tools-for-stm32.11.3.rel1.win32_1.1.100.202309141235/tools/bin/../lib/gcc/arm-none-eabi/11.3.1/../../../../arm-none-eabi/lib/thumb/v6-m/nofp\libc_nano.a(libc_a-sprintf.o)
                              ./Core/Src/main.o (sprintf)
[...]
Memory Configuration

Name             Origin             Length             Attributes
RAM              0x0000000020000000 0x0000000000024000 xrw
FLASH            0x0000000008000000 0x0000000000020000 xr
*default*        0x0000000000000000 0xffffffffffffffff

Linker script and memory map

LOAD D:/STM32CubeIDE/STM32CubeIDE_1.7.0/STM32CubeIDE/plugins/com.st.stm32cube.ide.mcu.externaltools.gnu-tools-for-stm32.11.3.rel1.win32_1.1.100.202309141235/tools/bin/../lib/gcc/arm-none-eabi/11.3.1/thumb/v6-m/nofp/crti.o
LOAD D:/STM32CubeIDE/STM32CubeIDE_1.7.0/STM32CubeIDE/plugins/com.st.stm32cube.ide.mcu.externaltools.gnu-tools-for-stm32.11.3.rel1.win32_1.1.100.202309141235/tools/bin/../lib/gcc/arm-none-eabi/11.3.1/thumb/v6-m/nofp/crtbegin.o
LOAD D:/STM32CubeIDE/STM32CubeIDE_1.7.0/STM32CubeIDE/plugins/com.st.stm32cube.ide.mcu.externaltools.gnu-tools-for-stm32.11.3.rel1.win32_1.1.100.202309141235/tools/bin/../lib/gcc/arm-none-eabi/11.3.1/../../../../arm-none-eabi/lib/thumb/v6-m/nofp/crt0.o
LOAD ./Core/Src/main.o
LOAD ./Core/Src/stm32g0xx_hal_msp.o
LOAD ./Core/Src/stm32g0xx_it.o
LOAD ./Core/Src/syscalls.o
LOAD ./Core/Src/sysmem.o
LOAD ./Core/Src/system_stm32g0xx.o
LOAD ./Core/Startup/startup_stm32g0b1cbtx.o
LOAD ./Drivers/STM32G0xx_HAL_Driver/Src/stm32g0xx_hal.o
LOAD ./Drivers/STM32G0xx_HAL_Driver/Src/stm32g0xx_hal_cortex.o
LOAD ./Drivers/STM32G0xx_HAL_Driver/Src/stm32g0xx_hal_dma.o
LOAD ./Drivers/STM32G0xx_HAL_Driver/Src/stm32g0xx_hal_dma_ex.o
LOAD ./Drivers/STM32G0xx_HAL_Driver/Src/stm32g0xx_hal_exti.o
LOAD ./Drivers/STM32G0xx_HAL_Driver/Src/stm32g0xx_hal_flash.o
LOAD ./Drivers/STM32G0xx_HAL_Driver/Src/stm32g0xx_hal_flash_ex.o
LOAD ./Drivers/STM32G0xx_HAL_Driver/Src/stm32g0xx_hal_gpio.o
LOAD ./Drivers/STM32G0xx_HAL_Driver/Src/stm32g0xx_hal_pwr.o
LOAD ./Drivers/STM32G0xx_HAL_Driver/Src/stm32g0xx_hal_pwr_ex.o
LOAD ./Drivers/STM32G0xx_HAL_Driver/Src/stm32g0xx_hal_rcc.o
LOAD ./Drivers/STM32G0xx_HAL_Driver/Src/stm32g0xx_hal_rcc_ex.o
LOAD ./Drivers/STM32G0xx_HAL_Driver/Src/stm32g0xx_hal_rtc.o
LOAD ./Drivers/STM32G0xx_HAL_Driver/Src/stm32g0xx_hal_rtc_ex.o
LOAD ./Drivers/STM32G0xx_HAL_Driver/Src/stm32g0xx_hal_spi.o
LOAD ./Drivers/STM32G0xx_HAL_Driver/Src/stm32g0xx_hal_spi_ex.o
LOAD ./Drivers/STM32G0xx_HAL_Driver/Src/stm32g0xx_hal_tim.o
LOAD ./Drivers/STM32G0xx_HAL_Driver/Src/stm32g0xx_hal_tim_ex.o
LOAD ./Drivers/STM32G0xx_HAL_Driver/Src/stm32g0xx_hal_uart.o
LOAD ./Drivers/STM32G0xx_HAL_Driver/Src/stm32g0xx_hal_uart_ex.o
LOAD ./Drivers/STM32G0xx_HAL_Driver/Src/stm32g0xx_ll_dma.o
LOAD ./Drivers/STM32G0xx_HAL_Driver/Src/stm32g0xx_ll_rcc.o
LOAD ./my_drivers/Src/astronode_application.o
LOAD ./my_drivers/Src/astronode_transport.o
LOAD ./my_drivers/Src/lis2dw12_reg.o
LOAD ./my_drivers/Src/my_lis2dw12.o
LOAD ./my_lib/Src/my_conversions.o
LOAD ./my_lib/Src/my_nmea.o
START GROUP
LOAD D:/STM32CubeIDE/STM32CubeIDE_1.7.0/STM32CubeIDE/plugins/com.st.stm32cube.ide.mcu.externaltools.gnu-tools-for-stm32.11.3.rel1.win32_1.1.100.202309141235/tools/bin/../lib/gcc/arm-none-eabi/11.3.1/../../../../arm-none-eabi/lib/thumb/v6-m/nofp\libc_nano.a
LOAD D:/STM32CubeIDE/STM32CubeIDE_1.7.0/STM32CubeIDE/plugins/com.st.stm32cube.ide.mcu.externaltools.gnu-tools-for-stm32.11.3.rel1.win32_1.1.100.202309141235/tools/bin/../lib/gcc/arm-none-eabi/11.3.1/../../../../arm-none-eabi/lib/thumb/v6-m/nofp\libm.a
END GROUP
START GROUP
LOAD D:/STM32CubeIDE/STM32CubeIDE_1.7.0/STM32CubeIDE/plugins/com.st.stm32cube.ide.mcu.externaltools.gnu-tools-for-stm32.11.3.rel1.win32_1.1.100.202309141235/tools/bin/../lib/gcc/arm-none-eabi/11.3.1/thumb/v6-m/nofp\libgcc.a
LOAD D:/STM32CubeIDE/STM32CubeIDE_1.7.0/STM32CubeIDE/plugins/com.st.stm32cube.ide.mcu.externaltools.gnu-tools-for-stm32.11.3.rel1.win32_1.1.100.202309141235/tools/bin/../lib/gcc/arm-none-eabi/11.3.1/../../../../arm-none-eabi/lib/thumb/v6-m/nofp\libc_nano.a
END GROUP
START GROUP
LOAD D:/STM32CubeIDE/STM32CubeIDE_1.7.0/STM32CubeIDE/plugins/com.st.stm32cube.ide.mcu.externaltools.gnu-tools-for-stm32.11.3.rel1.win32_1.1.100.202309141235/tools/bin/../lib/gcc/arm-none-eabi/11.3.1/thumb/v6-m/nofp\libgcc.a
LOAD D:/STM32CubeIDE/STM32CubeIDE_1.7.0/STM32CubeIDE/plugins/com.st.stm32cube.ide.mcu.externaltools.gnu-tools-for-stm32.11.3.rel1.win32_1.1.100.202309141235/tools/bin/../lib/gcc/arm-none-eabi/11.3.1/../../../../arm-none-eabi/lib/thumb/v6-m/nofp\libc_nano.a
LOAD D:/STM32CubeIDE/STM32CubeIDE_1.7.0/STM32CubeIDE/plugins/com.st.stm32cube.ide.mcu.externaltools.gnu-tools-for-stm32.11.3.rel1.win32_1.1.100.202309141235/tools/bin/../lib/gcc/arm-none-eabi/11.3.1/../../../../arm-none-eabi/lib/thumb/v6-m/nofp\libnosys.a
END GROUP
START GROUP
LOAD D:/STM32CubeIDE/STM32CubeIDE_1.7.0/STM32CubeIDE/plugins/com.st.stm32cube.ide.mcu.externaltools.gnu-tools-for-stm32.11.3.rel1.win32_1.1.100.202309141235/tools/bin/../lib/gcc/arm-none-eabi/11.3.1/thumb/v6-m/nofp\libgcc.a
LOAD D:/STM32CubeIDE/STM32CubeIDE_1.7.0/STM32CubeIDE/plugins/com.st.stm32cube.ide.mcu.externaltools.gnu-tools-for-stm32.11.3.rel1.win32_1.1.100.202309141235/tools/bin/../lib/gcc/arm-none-eabi/11.3.1/../../../../arm-none-eabi/lib/thumb/v6-m/nofp\libc_nano.a
LOAD D:/STM32CubeIDE/STM32CubeIDE_1.7.0/STM32CubeIDE/plugins/com.st.stm32cube.ide.mcu.externaltools.gnu-tools-for-stm32.11.3.rel1.win32_1.1.100.202309141235/tools/bin/../lib/gcc/arm-none-eabi/11.3.1/../../../../arm-none-eabi/lib/thumb/v6-m/nofp\libnosys.a
END GROUP
LOAD D:/STM32CubeIDE/STM32CubeIDE_1.7.0/STM32CubeIDE/plugins/com.st.stm32cube.ide.mcu.externaltools.gnu-tools-for-stm32.11.3.rel1.win32_1.1.100.202309141235/tools/bin/../lib/gcc/arm-none-eabi/11.3.1/thumb/v6-m/nofp/crtend.o
LOAD D:/STM32CubeIDE/STM32CubeIDE_1.7.0/STM32CubeIDE/plugins/com.st.stm32cube.ide.mcu.externaltools.gnu-tools-for-stm32.11.3.rel1.win32_1.1.100.202309141235/tools/bin/../lib/gcc/arm-none-eabi/11.3.1/thumb/v6-m/nofp/crtn.o
                0x0000000020024000                _estack = (ORIGIN (RAM) + LENGTH (RAM))
                0x0000000000000200                _Min_Heap_Size = 0x200
                0x0000000000000400                _Min_Stack_Size = 0x400

.isr_vector     0x0000000008000000       0xbc
                0x0000000008000000                . = ALIGN (0x4)
 *(.isr_vector)
 .isr_vector    0x0000000008000000       0xbc ./Core/Startup/startup_stm32g0b1cbtx.o
                0x0000000008000000                g_pfnVectors
                0x00000000080000bc                . = ALIGN (0x4)

.text           0x00000000080000bc     0x8854
                0x00000000080000bc                . = ALIGN (0x4)
 *(.text)
 .text          0x00000000080000bc       0x48 D:/STM32CubeIDE/STM32CubeIDE_1.7.0/STM32CubeIDE/plugins/com.st.stm32cube.ide.mcu.externaltools.gnu-tools-for-stm32.11.3.rel1.win32_1.1.100.202309141235/tools/bin/../lib/gcc/arm-none-eabi/11.3.1/thumb/v6-m/nofp/crtbegin.o
 .text          0x0000000008000104        0xe D:/STM32CubeIDE/STM32CubeIDE_1.7.0/STM32CubeIDE/plugins/com.st.stm32cube.ide.mcu.externaltools.gnu-tools-for-stm32.11.3.rel1.win32_1.1.100.202309141235/tools/bin/../lib/gcc/arm-none-eabi/11.3.1/../../../../arm-none-eabi/lib/thumb/v6-m/nofp\libc_nano.a(libc_a-strlen.o)
                0x0000000008000104                strlen
 *fill*         0x0000000008000112        0x2 
 .text          0x0000000008000114       0x14 D:/STM32CubeIDE/STM32CubeIDE_1.7.0/STM32CubeIDE/plugins/com.st.stm32cube.ide.mcu.externaltools.gnu-tools-for-stm32.11.3.rel1.win32_1.1.100.202309141235/tools/bin/../lib/gcc/arm-none-eabi/11.3.1/thumb/v6-m/nofp\libgcc.a(_thumb1_case_shi.o)
                0x0000000008000114                __gnu_thumb1_case_shi
 .text          0x0000000008000128      0x114 D:/STM32CubeIDE/STM32CubeIDE_1.7.0/STM32CubeIDE/plugins/com.st.stm32cube.ide.mcu.externaltools.gnu-tools-for-stm32.11.3.rel1.win32_1.1.100.202309141235/tools/bin/../lib/gcc/arm-none-eabi/11.3.1/thumb/v6-m/nofp\libgcc.a(_udivsi3.o)
                0x0000000008000128                __aeabi_uidiv
                0x0000000008000128                __udivsi3
                0x0000000008000234                __aeabi_uidivmod
 .text          0x000000000800023c      0x1d4 D:/STM32CubeIDE/STM32CubeIDE_1.7.0/STM32CubeIDE/plugins/com.st.stm32cube.ide.mcu.externaltools.gnu-tools-for-stm32.11.3.rel1.win32_1.1.100.202309141235/tools/bin/../lib/gcc/arm-none-eabi/11.3.1/thumb/v6-m/nofp\libgcc.a(_divsi3.o)
                0x000000000800023c                __divsi3
                0x000000000800023c                __aeabi_idiv
                0x0000000008000408                __aeabi_idivmod
 .text          0x0000000008000410        0x4 D:/STM32CubeIDE/STM32CubeIDE_1.7.0/STM32CubeIDE/plugins/com.st.stm32cube.ide.mcu.externaltools.gnu-tools-for-stm32.11.3.rel1.win32_1.1.100.202309141235/tools/bin/../lib/gcc/arm-none-eabi/11.3.1/thumb/v6-m/nofp\libgcc.a(_dvmd_tls.o)
                0x0000000008000410                __aeabi_idiv0
                0x0000000008000410                __aeabi_ldiv0
 .text          0x0000000008000414       0x40 D:/STM32CubeIDE/STM32CubeIDE_1.7.0/STM32CubeIDE/plugins/com.st.stm32cube.ide.mcu.externaltools.gnu-tools-for-stm32.11.3.rel1.win32_1.1.100.202309141235/tools/bin/../lib/gcc/arm-none-eabi/11.3.1/thumb/v6-m/nofp\libgcc.a(_aeabi_uldivmod.o)
                0x0000000008000414                __aeabi_uldivmod
 .text          0x0000000008000454      0x198 D:/STM32CubeIDE/STM32CubeIDE_1.7.0/STM32CubeIDE/plugins/com.st.stm32cube.ide.mcu.externaltools.gnu-tools-for-stm32.11.3.rel1.win32_1.1.100.202309141235/tools/bin/../lib/gcc/arm-none-eabi/11.3.1/thumb/v6-m/nofp\libgcc.a(_udivmoddi4.o)
                0x0000000008000454                __udivmoddi4
 .text          0x00000000080005ec       0x3c D:/STM32CubeIDE/STM32CubeIDE_1.7.0/STM32CubeIDE/plugins/com.st.stm32cube.ide.mcu.externaltools.gnu-tools-for-stm32.11.3.rel1.win32_1.1.100.202309141235/tools/bin/../lib/gcc/arm-none-eabi/11.3.1/thumb/v6-m/nofp\libgcc.a(_clzsi2.o)
                0x00000000080005ec                __clzsi2
 .text          0x0000000008000628       0x18 D:/STM32CubeIDE/STM32CubeIDE_1.7.0/STM32CubeIDE/plugins/com.st.stm32cube.ide.mcu.externaltools.gnu-tools-for-stm32.11.3.rel1.win32_1.1.100.202309141235/tools/bin/../lib/gcc/arm-none-eabi/11.3.1/thumb/v6-m/nofp\libgcc.a(_clzdi2.o)
                0x0000000008000628                __clzdi2
 *(.text*)
 .text.main     0x0000000008000640      0x4fc ./Core/Src/main.o
                0x0000000008000640                main
 .text.SystemClock_Config
                0x0000000008000b3c       0x98 ./Core/Src/main.o
                0x0000000008000b3c                SystemClock_Config
 .text.MX_RTC_Init
                0x0000000008000bd4       0x5c ./Core/Src/main.o
 .text.MX_SPI1_Init
                0x0000000008000c30       0x7c ./Core/Src/main.o
 .text.MX_TIM6_Init
                0x0000000008000cac       0x7c ./Core/Src/main.o
 .text.MX_USART2_UART_Init
                0x0000000008000d28       0x9c ./Core/Src/main.o
 .text.MX_USART3_UART_Init
                0x0000000008000dc4       0x9c ./Core/Src/main.o
 .text.MX_USART5_UART_Init
                0x0000000008000e60       0x78 ./Core/Src/main.o
 .text.MX_GPIO_Init
                0x0000000008000ed8      0x258 ./Core/Src/main.o
 .text.send_debug_logs
                0x0000000008001130       0x60 ./Core/Src/main.o
                0x0000000008001130                send_debug_logs
 .text.my_lis2dw12_platform_write
                0x0000000008001190       0x6a ./Core/Src/main.o
                0x0000000008001190                my_lis2dw12_platform_write
 .text.my_lis2dw12_platform_read
                0x00000000080011fa       0x7a ./Core/Src/main.o
                0x00000000080011fa                my_lis2dw12_platform_read
 .text.my_gnss_on
                0x0000000008001274       0x30 ./Core/Src/main.o
                0x0000000008001274                my_gnss_on
 .text.my_gnss_off
                0x00000000080012a4       0x38 ./Core/Src/main.o
                0x00000000080012a4                my_gnss_off
 .text.HAL_TIM_PeriodElapsedCallback
                0x00000000080012dc       0x4c ./Core/Src/main.o
                0x00000000080012dc                HAL_TIM_PeriodElapsedCallback
 .text.my_tim_init
                0x0000000008001328       0x18 ./Core/Src/main.o
                0x0000000008001328                my_tim_init
 .text.my_tim_start
                0x0000000008001340       0x20 ./Core/Src/main.o
                0x0000000008001340                my_tim_start
 .text.my_tim_stop
                0x0000000008001360       0x18 ./Core/Src/main.o
                0x0000000008001360                my_tim_stop
 .text.reset_astronode
                0x0000000008001378       0x34 ./Core/Src/main.o
                0x0000000008001378                reset_astronode
 .text.send_astronode_request
                0x00000000080013ac       0x3c ./Core/Src/main.o
                0x00000000080013ac                send_astronode_request
 .text.get_systick
                0x00000000080013e8       0x10 ./Core/Src/main.o
                0x00000000080013e8                get_systick
 .text.is_systick_timeout_over
                0x00000000080013f8       0x2c ./Core/Src/main.o
                0x00000000080013f8                is_systick_timeout_over
 .text.is_astronode_character_received
                0x0000000008001424       0x28 ./Core/Src/main.o
                0x0000000008001424                is_astronode_character_received
 .text.fifo_init
                0x000000000800144c       0x7c ./Core/Src/main.o
                0x000000000800144c                fifo_init
 .text.fifo_is_empty
                0x00000000080014c8       0x2c ./Core/Src/main.o
                0x00000000080014c8                fifo_is_empty
 .text.fifo_put
                0x00000000080014f4       0x86 ./Core/Src/main.o
                0x00000000080014f4                fifo_put
 .text.fifo_get
                0x000000000800157a       0x8e ./Core/Src/main.o
                0x000000000800157a                fifo_get
 .text.EXTI4_15_IRQHandler
                0x0000000008001608       0x10 ./Core/Src/main.o
                0x0000000008001608                EXTI4_15_IRQHandler
 .text.USART3_4_5_6_LPUART1_IRQHandler
                0x0000000008001618       0x18 ./Core/Src/main.o
                0x0000000008001618                USART3_4_5_6_LPUART1_IRQHandler
 .text.HAL_UART_RxCpltCallback
                0x0000000008001630       0x40 ./Core/Src/main.o
                0x0000000008001630                HAL_UART_RxCpltCallback
 .text.HAL_GPIO_EXTI_Rising_Callback
                0x0000000008001670       0x44 ./Core/Src/main.o
                0x0000000008001670                HAL_GPIO_EXTI_Rising_Callback
 .text.Error_Handler
                0x00000000080016b4        0xa ./Core/Src/main.o
                0x00000000080016b4                Error_Handler
 *fill*         0x00000000080016be        0x2 
 .text.HAL_MspInit
                0x00000000080016c0       0x50 ./Core/Src/stm32g0xx_hal_msp.o
                0x00000000080016c0                HAL_MspInit
 .text.HAL_RTC_MspInit
                0x0000000008001710       0x7c ./Core/Src/stm32g0xx_hal_msp.o
                0x0000000008001710                HAL_RTC_MspInit
 .text.HAL_SPI_MspInit
                0x000000000800178c       0x94 ./Core/Src/stm32g0xx_hal_msp.o
                0x000000000800178c                HAL_SPI_MspInit
 .text.HAL_TIM_Base_MspInit
                0x0000000008001820       0x4c ./Core/Src/stm32g0xx_hal_msp.o
                0x0000000008001820                HAL_TIM_Base_MspInit
 .text.HAL_UART_MspInit
                0x000000000800186c      0x1c4 ./Core/Src/stm32g0xx_hal_msp.o
                0x000000000800186c                HAL_UART_MspInit
 .text.HAL_UART_MspDeInit
                0x0000000008001a30       0x9c ./Core/Src/stm32g0xx_hal_msp.o
                0x0000000008001a30                HAL_UART_MspDeInit
 .text.NMI_Handler
                0x0000000008001acc        0x6 ./Core/Src/stm32g0xx_it.o
                0x0000000008001acc                NMI_Handler
 .text.HardFault_Handler
                0x0000000008001ad2        0x6 ./Core/Src/stm32g0xx_it.o
                0x0000000008001ad2                HardFault_Handler
 .text.SVC_Handler
                0x0000000008001ad8        0xa ./Core/Src/stm32g0xx_it.o
                0x0000000008001ad8                SVC_Handler
 .text.PendSV_Handler
                0x0000000008001ae2        0xa ./Core/Src/stm32g0xx_it.o
                0x0000000008001ae2                PendSV_Handler
 .text.SysTick_Handler
                0x0000000008001aec        0xe ./Core/Src/stm32g0xx_it.o
                0x0000000008001aec                SysTick_Handler
 .text.EXTI0_1_IRQHandler
                0x0000000008001afa       0x16 ./Core/Src/stm32g0xx_it.o
                0x0000000008001afa                EXTI0_1_IRQHandler
 .text.TIM6_DAC_LPTIM1_IRQHandler
                0x0000000008001b10       0x18 ./Core/Src/stm32g0xx_it.o
                0x0000000008001b10                TIM6_DAC_LPTIM1_IRQHandler
 .text._sbrk    0x0000000008001b28       0x6c ./Core/Src/sysmem.o
                0x0000000008001b28                _sbrk
 .text.SystemInit
                0x0000000008001b94        0xa ./Core/Src/system_stm32g0xx.o
                0x0000000008001b94                SystemInit
 *fill*         0x0000000008001b9e        0x2 
 .text.Reset_Handler
                0x0000000008001ba0       0x50 ./Core/Startup/startup_stm32g0b1cbtx.o
                0x0000000008001ba0                Reset_Handler
 .text.Default_Handler
                0x0000000008001bf0        0x2 ./Core/Startup/startup_stm32g0b1cbtx.o
                0x0000000008001bf0                I2C2_3_IRQHandler
                0x0000000008001bf0                TIM1_CC_IRQHandler
                0x0000000008001bf0                ADC1_COMP_IRQHandler
                0x0000000008001bf0                I2C1_IRQHandler
                0x0000000008001bf0                TIM7_LPTIM2_IRQHandler
                0x0000000008001bf0                TIM17_FDCAN_IT1_IRQHandler
                0x0000000008001bf0                DMA1_Ch4_7_DMA2_Ch1_5_DMAMUX1_OVR_IRQHandler
                0x0000000008001bf0                RCC_CRS_IRQHandler
                0x0000000008001bf0                RTC_TAMP_IRQHandler
                0x0000000008001bf0                SPI1_IRQHandler
                0x0000000008001bf0                USB_UCPD1_2_IRQHandler
                0x0000000008001bf0                EXTI2_3_IRQHandler
                0x0000000008001bf0                USART2_LPUART2_IRQHandler
                0x0000000008001bf0                PVD_VDDIO2_IRQHandler
                0x0000000008001bf0                DMA1_Channel1_IRQHandler
                0x0000000008001bf0                Default_Handler
                0x0000000008001bf0                CEC_IRQHandler
                0x0000000008001bf0                TIM14_IRQHandler
                0x0000000008001bf0                TIM15_IRQHandler
                0x0000000008001bf0                TIM3_TIM4_IRQHandler
                0x0000000008001bf0                SPI2_3_IRQHandler
                0x0000000008001bf0                WWDG_IRQHandler
                0x0000000008001bf0                TIM2_IRQHandler
                0x0000000008001bf0                DMA1_Channel2_3_IRQHandler
                0x0000000008001bf0                FLASH_IRQHandler
                0x0000000008001bf0                USART1_IRQHandler
                0x0000000008001bf0                TIM16_FDCAN_IT0_IRQHandler
                0x0000000008001bf0                TIM1_BRK_UP_TRG_COM_IRQHandler
 *fill*         0x0000000008001bf2        0x2 
 .text.HAL_Init
                0x0000000008001bf4       0x40 ./Drivers/STM32G0xx_HAL_Driver/Src/stm32g0xx_hal.o
                0x0000000008001bf4                HAL_Init
 .text.HAL_InitTick
                0x0000000008001c34       0x94 ./Drivers/STM32G0xx_HAL_Driver/Src/stm32g0xx_hal.o
                0x0000000008001c34                HAL_InitTick
 .text.HAL_IncTick
                0x0000000008001cc8       0x24 ./Drivers/STM32G0xx_HAL_Driver/Src/stm32g0xx_hal.o
                0x0000000008001cc8                HAL_IncTick
 .text.HAL_GetTick
                0x0000000008001cec       0x14 ./Drivers/STM32G0xx_HAL_Driver/Src/stm32g0xx_hal.o
                0x0000000008001cec                HAL_GetTick
 .text.HAL_Delay
                0x0000000008001d00       0x48 ./Drivers/STM32G0xx_HAL_Driver/Src/stm32g0xx_hal.o
                0x0000000008001d00                HAL_Delay
 .text.HAL_SYSCFG_StrobeDBattpinsConfig
                0x0000000008001d48       0x2c ./Drivers/STM32G0xx_HAL_Driver/Src/stm32g0xx_hal.o
                0x0000000008001d48                HAL_SYSCFG_StrobeDBattpinsConfig
 .text.__NVIC_EnableIRQ
                0x0000000008001d74       0x34 ./Drivers/STM32G0xx_HAL_Driver/Src/stm32g0xx_hal_cortex.o
 .text.__NVIC_SetPriority
                0x0000000008001da8       0xdc ./Drivers/STM32G0xx_HAL_Driver/Src/stm32g0xx_hal_cortex.o
 .text.__NVIC_SystemReset
                0x0000000008001e84       0x24 ./Drivers/STM32G0xx_HAL_Driver/Src/stm32g0xx_hal_cortex.o
 .text.SysTick_Config
                0x0000000008001ea8       0x48 ./Drivers/STM32G0xx_HAL_Driver/Src/stm32g0xx_hal_cortex.o
 .text.HAL_NVIC_SetPriority
                0x0000000008001ef0       0x2a ./Drivers/STM32G0xx_HAL_Driver/Src/stm32g0xx_hal_cortex.o
                0x0000000008001ef0                HAL_NVIC_SetPriority
 .text.HAL_NVIC_EnableIRQ
                0x0000000008001f1a       0x20 ./Drivers/STM32G0xx_HAL_Driver/Src/stm32g0xx_hal_cortex.o
                0x0000000008001f1a                HAL_NVIC_EnableIRQ
 .text.HAL_NVIC_SystemReset
                0x0000000008001f3a        0x8 ./Drivers/STM32G0xx_HAL_Driver/Src/stm32g0xx_hal_cortex.o
                0x0000000008001f3a                HAL_NVIC_SystemReset
 .text.HAL_SYSTICK_Config
                0x0000000008001f42       0x1a ./Drivers/STM32G0xx_HAL_Driver/Src/stm32g0xx_hal_cortex.o
                0x0000000008001f42                HAL_SYSTICK_Config
 .text.HAL_DMA_Abort
                0x0000000008001f5c       0xc0 ./Drivers/STM32G0xx_HAL_Driver/Src/stm32g0xx_hal_dma.o
                0x0000000008001f5c                HAL_DMA_Abort
 .text.HAL_DMA_Abort_IT
                0x000000000800201c       0xd0 ./Drivers/STM32G0xx_HAL_Driver/Src/stm32g0xx_hal_dma.o
                0x000000000800201c                HAL_DMA_Abort_IT
 .text.HAL_GPIO_Init
                0x00000000080020ec      0x2d8 ./Drivers/STM32G0xx_HAL_Driver/Src/stm32g0xx_hal_gpio.o
                0x00000000080020ec                HAL_GPIO_Init
 .text.HAL_GPIO_DeInit
                0x00000000080023c4      0x1b0 ./Drivers/STM32G0xx_HAL_Driver/Src/stm32g0xx_hal_gpio.o
                0x00000000080023c4                HAL_GPIO_DeInit
 .text.HAL_GPIO_ReadPin
                0x0000000008002574       0x3a ./Drivers/STM32G0xx_HAL_Driver/Src/stm32g0xx_hal_gpio.o
                0x0000000008002574                HAL_GPIO_ReadPin
 .text.HAL_GPIO_WritePin
                0x00000000080025ae       0x3a ./Drivers/STM32G0xx_HAL_Driver/Src/stm32g0xx_hal_gpio.o
                0x00000000080025ae                HAL_GPIO_WritePin
 .text.HAL_GPIO_EXTI_IRQHandler
                0x00000000080025e8       0x54 ./Drivers/STM32G0xx_HAL_Driver/Src/stm32g0xx_hal_gpio.o
                0x00000000080025e8                HAL_GPIO_EXTI_IRQHandler
 .text.HAL_GPIO_EXTI_Falling_Callback
                0x000000000800263c       0x14 ./Drivers/STM32G0xx_HAL_Driver/Src/stm32g0xx_hal_gpio.o
                0x000000000800263c                HAL_GPIO_EXTI_Falling_Callback
 .text.HAL_PWREx_ControlVoltageScaling
                0x0000000008002650       0x80 ./Drivers/STM32G0xx_HAL_Driver/Src/stm32g0xx_hal_pwr_ex.o
                0x0000000008002650                HAL_PWREx_ControlVoltageScaling
 .text.LL_RCC_GetAPB1Prescaler
                0x00000000080026d0       0x18 ./Drivers/STM32G0xx_HAL_Driver/Src/stm32g0xx_hal_rcc.o
 .text.HAL_RCC_OscConfig
                0x00000000080026e8      0x6c0 ./Drivers/STM32G0xx_HAL_Driver/Src/stm32g0xx_hal_rcc.o
                0x00000000080026e8                HAL_RCC_OscConfig
 .text.HAL_RCC_ClockConfig
                0x0000000008002da8      0x210 ./Drivers/STM32G0xx_HAL_Driver/Src/stm32g0xx_hal_rcc.o
                0x0000000008002da8                HAL_RCC_ClockConfig
 .text.HAL_RCC_GetSysClockFreq
                0x0000000008002fb8      0x104 ./Drivers/STM32G0xx_HAL_Driver/Src/stm32g0xx_hal_rcc.o
                0x0000000008002fb8                HAL_RCC_GetSysClockFreq
 .text.HAL_RCC_GetHCLKFreq
                0x00000000080030bc       0x14 ./Drivers/STM32G0xx_HAL_Driver/Src/stm32g0xx_hal_rcc.o
                0x00000000080030bc                HAL_RCC_GetHCLKFreq
 .text.HAL_RCC_GetPCLK1Freq
                0x00000000080030d0       0x2c ./Drivers/STM32G0xx_HAL_Driver/Src/stm32g0xx_hal_rcc.o
                0x00000000080030d0                HAL_RCC_GetPCLK1Freq
 .text.HAL_RCCEx_PeriphCLKConfig
                0x00000000080030fc      0x478 ./Drivers/STM32G0xx_HAL_Driver/Src/stm32g0xx_hal_rcc_ex.o
                0x00000000080030fc                HAL_RCCEx_PeriphCLKConfig
 .text.HAL_RTC_Init
                0x0000000008003574      0x144 ./Drivers/STM32G0xx_HAL_Driver/Src/stm32g0xx_hal_rtc.o
                0x0000000008003574                HAL_RTC_Init
 .text.HAL_RTC_WaitForSynchro
                0x00000000080036b8       0x4c ./Drivers/STM32G0xx_HAL_Driver/Src/stm32g0xx_hal_rtc.o
                0x00000000080036b8                HAL_RTC_WaitForSynchro
 .text.RTC_EnterInitMode
                0x0000000008003704       0x84 ./Drivers/STM32G0xx_HAL_Driver/Src/stm32g0xx_hal_rtc.o
                0x0000000008003704                RTC_EnterInitMode
 .text.RTC_ExitInitMode
                0x0000000008003788       0x88 ./Drivers/STM32G0xx_HAL_Driver/Src/stm32g0xx_hal_rtc.o
                0x0000000008003788                RTC_ExitInitMode
 .text.HAL_SPI_Init
                0x0000000008003810      0x170 ./Drivers/STM32G0xx_HAL_Driver/Src/stm32g0xx_hal_spi.o
                0x0000000008003810                HAL_SPI_Init
 .text.HAL_SPI_Transmit
                0x0000000008003980      0x2be ./Drivers/STM32G0xx_HAL_Driver/Src/stm32g0xx_hal_spi.o
                0x0000000008003980                HAL_SPI_Transmit
 *fill*         0x0000000008003c3e        0x2 
 .text.HAL_SPI_Receive
                0x0000000008003c40      0x2a4 ./Drivers/STM32G0xx_HAL_Driver/Src/stm32g0xx_hal_spi.o
                0x0000000008003c40                HAL_SPI_Receive
 .text.HAL_SPI_TransmitReceive
                0x0000000008003ee4      0x3c4 ./Drivers/STM32G0xx_HAL_Driver/Src/stm32g0xx_hal_spi.o
                0x0000000008003ee4                HAL_SPI_TransmitReceive
 .text.SPI_WaitFlagStateUntilTimeout
                0x00000000080042a8      0x11c ./Drivers/STM32G0xx_HAL_Driver/Src/stm32g0xx_hal_spi.o
 .text.SPI_WaitFifoStateUntilTimeout
                0x00000000080043c4      0x144 ./Drivers/STM32G0xx_HAL_Driver/Src/stm32g0xx_hal_spi.o
 .text.SPI_EndRxTransaction
                0x0000000008004508       0xbc ./Drivers/STM32G0xx_HAL_Driver/Src/stm32g0xx_hal_spi.o
 .text.SPI_EndRxTxTransaction
                0x00000000080045c4       0x8c ./Drivers/STM32G0xx_HAL_Driver/Src/stm32g0xx_hal_spi.o
 .text.HAL_TIM_Base_Init
                0x0000000008004650       0xb0 ./Drivers/STM32G0xx_HAL_Driver/Src/stm32g0xx_hal_tim.o
                0x0000000008004650                HAL_TIM_Base_Init
 .text.HAL_TIM_Base_Start_IT
                0x0000000008004700       0xc4 ./Drivers/STM32G0xx_HAL_Driver/Src/stm32g0xx_hal_tim.o
                0x0000000008004700                HAL_TIM_Base_Start_IT
 .text.HAL_TIM_Base_Stop_IT
                0x00000000080047c4       0x5c ./Drivers/STM32G0xx_HAL_Driver/Src/stm32g0xx_hal_tim.o
                0x00000000080047c4                HAL_TIM_Base_Stop_IT
 .text.HAL_TIM_IRQHandler
                0x0000000008004820      0x210 ./Drivers/STM32G0xx_HAL_Driver/Src/stm32g0xx_hal_tim.o
                0x0000000008004820                HAL_TIM_IRQHandler
 .text.HAL_TIM_OC_DelayElapsedCallback
                0x0000000008004a30       0x10 ./Drivers/STM32G0xx_HAL_Driver/Src/stm32g0xx_hal_tim.o
                0x0000000008004a30                HAL_TIM_OC_DelayElapsedCallback
 .text.HAL_TIM_IC_CaptureCallback
                0x0000000008004a40       0x10 ./Drivers/STM32G0xx_HAL_Driver/Src/stm32g0xx_hal_tim.o
                0x0000000008004a40                HAL_TIM_IC_CaptureCallback
 .text.HAL_TIM_PWM_PulseFinishedCallback
                0x0000000008004a50       0x10 ./Drivers/STM32G0xx_HAL_Driver/Src/stm32g0xx_hal_tim.o
                0x0000000008004a50                HAL_TIM_PWM_PulseFinishedCallback
 .text.HAL_TIM_TriggerCallback
                0x0000000008004a60       0x10 ./Drivers/STM32G0xx_HAL_Driver/Src/stm32g0xx_hal_tim.o
                0x0000000008004a60                HAL_TIM_TriggerCallback
 .text.TIM_Base_SetConfig
                0x0000000008004a70      0x130 ./Drivers/STM32G0xx_HAL_Driver/Src/stm32g0xx_hal_tim.o
                0x0000000008004a70                TIM_Base_SetConfig
 .text.HAL_TIMEx_MasterConfigSynchronization
                0x0000000008004ba0       0xec ./Drivers/STM32G0xx_HAL_Driver/Src/stm32g0xx_hal_tim_ex.o
                0x0000000008004ba0                HAL_TIMEx_MasterConfigSynchronization
 .text.HAL_TIMEx_CommutCallback
                0x0000000008004c8c       0x10 ./Drivers/STM32G0xx_HAL_Driver/Src/stm32g0xx_hal_tim_ex.o
                0x0000000008004c8c                HAL_TIMEx_CommutCallback
 .text.HAL_TIMEx_BreakCallback
                0x0000000008004c9c       0x10 ./Drivers/STM32G0xx_HAL_Driver/Src/stm32g0xx_hal_tim_ex.o
                0x0000000008004c9c                HAL_TIMEx_BreakCallback
 .text.HAL_TIMEx_Break2Callback
                0x0000000008004cac       0x10 ./Drivers/STM32G0xx_HAL_Driver/Src/stm32g0xx_hal_tim_ex.o
                0x0000000008004cac                HAL_TIMEx_Break2Callback
 .text.HAL_UART_Init
                0x0000000008004cbc       0xac ./Drivers/STM32G0xx_HAL_Driver/Src/stm32g0xx_hal_uart.o
                0x0000000008004cbc                HAL_UART_Init
 .text.HAL_UART_DeInit
                0x0000000008004d68       0x80 ./Drivers/STM32G0xx_HAL_Driver/Src/stm32g0xx_hal_uart.o
                0x0000000008004d68                HAL_UART_DeInit
 .text.HAL_UART_Transmit
                0x0000000008004de8      0x148 ./Drivers/STM32G0xx_HAL_Driver/Src/stm32g0xx_hal_uart.o
                0x0000000008004de8                HAL_UART_Transmit
 .text.HAL_UART_Receive
                0x0000000008004f30      0x1cc ./Drivers/STM32G0xx_HAL_Driver/Src/stm32g0xx_hal_uart.o
                0x0000000008004f30                HAL_UART_Receive
 .text.HAL_UART_Receive_IT
                0x00000000080050fc       0xcc ./Drivers/STM32G0xx_HAL_Driver/Src/stm32g0xx_hal_uart.o
                0x00000000080050fc                HAL_UART_Receive_IT
 .text.HAL_UART_IRQHandler
                0x00000000080051c8      0x64c ./Drivers/STM32G0xx_HAL_Driver/Src/stm32g0xx_hal_uart.o
                0x00000000080051c8                HAL_UART_IRQHandler
 .text.HAL_UART_TxCpltCallback
                0x0000000008005814       0x10 ./Drivers/STM32G0xx_HAL_Driver/Src/stm32g0xx_hal_uart.o
                0x0000000008005814                HAL_UART_TxCpltCallback
 .text.HAL_UART_ErrorCallback
                0x0000000008005824       0x10 ./Drivers/STM32G0xx_HAL_Driver/Src/stm32g0xx_hal_uart.o
                0x0000000008005824                HAL_UART_ErrorCallback
 .text.HAL_UARTEx_RxEventCallback
                0x0000000008005834       0x16 ./Drivers/STM32G0xx_HAL_Driver/Src/stm32g0xx_hal_uart.o
                0x0000000008005834                HAL_UARTEx_RxEventCallback
 *fill*         0x000000000800584a        0x2 
 .text.UART_SetConfig
                0x000000000800584c      0x6ac ./Drivers/STM32G0xx_HAL_Driver/Src/stm32g0xx_hal_uart.o
                0x000000000800584c                UART_SetConfig
 .text.UART_AdvFeatureConfig
                0x0000000008005ef8      0x168 ./Drivers/STM32G0xx_HAL_Driver/Src/stm32g0xx_hal_uart.o
                0x0000000008005ef8                UART_AdvFeatureConfig
 .text.UART_CheckIdleState
                0x0000000008006060      0x154 ./Drivers/STM32G0xx_HAL_Driver/Src/stm32g0xx_hal_uart.o
                0x0000000008006060                UART_CheckIdleState
 .text.UART_WaitOnFlagUntilTimeout
                0x00000000080061b4       0xde ./Drivers/STM32G0xx_HAL_Driver/Src/stm32g0xx_hal_uart.o
                0x00000000080061b4                UART_WaitOnFlagUntilTimeout
 *fill*         0x0000000008006292        0x2 
 .text.UART_Start_Receive_IT
                0x0000000008006294      0x248 ./Drivers/STM32G0xx_HAL_Driver/Src/stm32g0xx_hal_uart.o
                0x0000000008006294                UART_Start_Receive_IT
 .text.UART_EndRxTransfer
                0x00000000080064dc       0xcc ./Drivers/STM32G0xx_HAL_Driver/Src/stm32g0xx_hal_uart.o
 .text.UART_DMAAbortOnError
                0x00000000080065a8       0x2e ./Drivers/STM32G0xx_HAL_Driver/Src/stm32g0xx_hal_uart.o
 .text.UART_EndTransmit_IT
                0x00000000080065d6       0x58 ./Drivers/STM32G0xx_HAL_Driver/Src/stm32g0xx_hal_uart.o
 *fill*         0x000000000800662e        0x2 
 .text.UART_RxISR_8BIT
                0x0000000008006630      0x1d4 ./Drivers/STM32G0xx_HAL_Driver/Src/stm32g0xx_hal_uart.o
 .text.UART_RxISR_16BIT
                0x0000000008006804      0x1d4 ./Drivers/STM32G0xx_HAL_Driver/Src/stm32g0xx_hal_uart.o
 .text.UART_RxISR_8BIT_FIFOEN
                0x00000000080069d8      0x34c ./Drivers/STM32G0xx_HAL_Driver/Src/stm32g0xx_hal_uart.o
 .text.UART_RxISR_16BIT_FIFOEN
                0x0000000008006d24      0x364 ./Drivers/STM32G0xx_HAL_Driver/Src/stm32g0xx_hal_uart.o
 .text.HAL_UARTEx_WakeupCallback
                0x0000000008007088       0x10 ./Drivers/STM32G0xx_HAL_Driver/Src/stm32g0xx_hal_uart_ex.o
                0x0000000008007088                HAL_UARTEx_WakeupCallback
 .text.HAL_UARTEx_RxFifoFullCallback
                0x0000000008007098       0x10 ./Drivers/STM32G0xx_HAL_Driver/Src/stm32g0xx_hal_uart_ex.o
                0x0000000008007098                HAL_UARTEx_RxFifoFullCallback
 .text.HAL_UARTEx_TxFifoEmptyCallback
                0x00000000080070a8       0x10 ./Drivers/STM32G0xx_HAL_Driver/Src/stm32g0xx_hal_uart_ex.o
                0x00000000080070a8                HAL_UARTEx_TxFifoEmptyCallback
 .text.HAL_UARTEx_DisableFifoMode
                0x00000000080070b8       0x74 ./Drivers/STM32G0xx_HAL_Driver/Src/stm32g0xx_hal_uart_ex.o
                0x00000000080070b8                HAL_UARTEx_DisableFifoMode
 .text.HAL_UARTEx_SetTxFifoThreshold
                0x000000000800712c       0x7e ./Drivers/STM32G0xx_HAL_Driver/Src/stm32g0xx_hal_uart_ex.o
                0x000000000800712c                HAL_UARTEx_SetTxFifoThreshold
 *fill*         0x00000000080071aa        0x2 
 .text.HAL_UARTEx_SetRxFifoThreshold
                0x00000000080071ac       0x84 ./Drivers/STM32G0xx_HAL_Driver/Src/stm32g0xx_hal_uart_ex.o
                0x00000000080071ac                HAL_UARTEx_SetRxFifoThreshold
 .text.UARTEx_SetNbDataToProcess
                0x0000000008007230       0xbc ./Drivers/STM32G0xx_HAL_Driver/Src/stm32g0xx_hal_uart_ex.o
 .text.astronode_send_cfg_wr
                0x00000000080072ec      0x158 ./my_drivers/Src/astronode_application.o
                0x00000000080072ec                astronode_send_cfg_wr
 .text.astronode_send_mpn_rr
                0x0000000008007444      0x154 ./my_drivers/Src/astronode_application.o
                0x0000000008007444                astronode_send_mpn_rr
 .text.ascii_to_value
                0x0000000008007598       0x58 ./my_drivers/Src/astronode_transport.o
 .text.astronode_create_request_transport
                0x00000000080075f0      0x144 ./my_drivers/Src/astronode_transport.o
 .text.astronode_decode_answer_transport
                0x0000000008007734      0x328 ./my_drivers/Src/astronode_transport.o
 .text.astronode_transport_send_receive
                0x0000000008007a5c       0xc4 ./my_drivers/Src/astronode_transport.o
                0x0000000008007a5c                astronode_transport_send_receive
 .text.calculate_crc
                0x0000000008007b20       0x9e ./my_drivers/Src/astronode_transport.o
 *fill*         0x0000000008007bbe        0x2 
 .text.check_for_error
                0x0000000008007bc0      0x178 ./my_drivers/Src/astronode_transport.o
 .text.receive_astronode_answer
                0x0000000008007d38      0x110 ./my_drivers/Src/astronode_transport.o
 .text.uint8_to_ascii_buffer
                0x0000000008007e48       0x40 ./my_drivers/Src/astronode_transport.o
 .text.lis2dw12_read_reg
                0x0000000008007e88       0x42 ./my_drivers/Src/lis2dw12_reg.o
                0x0000000008007e88                lis2dw12_read_reg
 .text.lis2dw12_device_id_get
                0x0000000008007eca       0x24 ./my_drivers/Src/lis2dw12_reg.o
                0x0000000008007eca                lis2dw12_device_id_get
 .text.my_lis2dw12_init
                0x0000000008007eee       0x2c ./my_drivers/Src/my_lis2dw12.o
                0x0000000008007eee                my_lis2dw12_init
 .text.my_lis2dw12_get_id
                0x0000000008007f1a       0x2a ./my_drivers/Src/my_lis2dw12.o
                0x0000000008007f1a                my_lis2dw12_get_id
 .text.sbrk_aligned
                0x0000000008007f44       0x44 D:/STM32CubeIDE/STM32CubeIDE_1.7.0/STM32CubeIDE/plugins/com.st.stm32cube.ide.mcu.externaltools.gnu-tools-for-stm32.11.3.rel1.win32_1.1.100.202309141235/tools/bin/../lib/gcc/arm-none-eabi/11.3.1/../../../../arm-none-eabi/lib/thumb/v6-m/nofp\libc_nano.a(libc_a-mallocr.o)
 .text._malloc_r
                0x0000000008007f88      0x104 D:/STM32CubeIDE/STM32CubeIDE_1.7.0/STM32CubeIDE/plugins/com.st.stm32cube.ide.mcu.externaltools.gnu-tools-for-stm32.11.3.rel1.win32_1.1.100.202309141235/tools/bin/../lib/gcc/arm-none-eabi/11.3.1/../../../../arm-none-eabi/lib/thumb/v6-m/nofp\libc_nano.a(libc_a-mallocr.o)
                0x0000000008007f88                _malloc_r
 .text.__malloc_lock
                0x000000000800808c       0x10 D:/STM32CubeIDE/STM32CubeIDE_1.7.0/STM32CubeIDE/plugins/com.st.stm32cube.ide.mcu.externaltools.gnu-tools-for-stm32.11.3.rel1.win32_1.1.100.202309141235/tools/bin/../lib/gcc/arm-none-eabi/11.3.1/../../../../arm-none-eabi/lib/thumb/v6-m/nofp\libc_nano.a(libc_a-mlock.o)
                0x000000000800808c                __malloc_lock
 .text.__malloc_unlock
                0x000000000800809c       0x10 D:/STM32CubeIDE/STM32CubeIDE_1.7.0/STM32CubeIDE/plugins/com.st.stm32cube.ide.mcu.externaltools.gnu-tools-for-stm32.11.3.rel1.win32_1.1.100.202309141235/tools/bin/../lib/gcc/arm-none-eabi/11.3.1/../../../../arm-none-eabi/lib/thumb/v6-m/nofp\libc_nano.a(libc_a-mlock.o)
                0x000000000800809c                __malloc_unlock
 .text.snprintf
                0x00000000080080ac       0x68 D:/STM32CubeIDE/STM32CubeIDE_1.7.0/STM32CubeIDE/plugins/com.st.stm32cube.ide.mcu.externaltools.gnu-tools-for-stm32.11.3.rel1.win32_1.1.100.202309141235/tools/bin/../lib/gcc/arm-none-eabi/11.3.1/../../../../arm-none-eabi/lib/thumb/v6-m/nofp\libc_nano.a(libc_a-snprintf.o)
                0x00000000080080ac                sniprintf
                0x00000000080080ac                snprintf
 .text.sprintf  0x0000000008008114       0x40 D:/STM32CubeIDE/STM32CubeIDE_1.7.0/STM32CubeIDE/plugins/com.st.stm32cube.ide.mcu.externaltools.gnu-tools-for-stm32.11.3.rel1.win32_1.1.100.202309141235/tools/bin/../lib/gcc/arm-none-eabi/11.3.1/../../../../arm-none-eabi/lib/thumb/v6-m/nofp\libc_nano.a(libc_a-sprintf.o)
                0x0000000008008114                siprintf
                0x0000000008008114                sprintf
 .text.memset   0x0000000008008154       0x10 D:/STM32CubeIDE/STM32CubeIDE_1.7.0/STM32CubeIDE/plugins/com.st.stm32cube.ide.mcu.externaltools.gnu-tools-for-stm32.11.3.rel1.win32_1.1.100.202309141235/tools/bin/../lib/gcc/arm-none-eabi/11.3.1/../../../../arm-none-eabi/lib/thumb/v6-m/nofp\libc_nano.a(libc_a-memset.o)
                0x0000000008008154                memset
 .text._sbrk_r  0x0000000008008164       0x24 D:/STM32CubeIDE/STM32CubeIDE_1.7.0/STM32CubeIDE/plugins/com.st.stm32cube.ide.mcu.externaltools.gnu-tools-for-stm32.11.3.rel1.win32_1.1.100.202309141235/tools/bin/../lib/gcc/arm-none-eabi/11.3.1/../../../../arm-none-eabi/lib/thumb/v6-m/nofp\libc_nano.a(libc_a-sbrkr.o)
                0x0000000008008164                _sbrk_r
 .text.__errno  0x0000000008008188        0xc D:/STM32CubeIDE/STM32CubeIDE_1.7.0/STM32CubeIDE/plugins/com.st.stm32cube.ide.mcu.externaltools.gnu-tools-for-stm32.11.3.rel1.win32_1.1.100.202309141235/tools/bin/../lib/gcc/arm-none-eabi/11.3.1/../../../../arm-none-eabi/lib/thumb/v6-m/nofp\libc_nano.a(libc_a-errno.o)
                0x0000000008008188                __errno
 .text.__libc_init_array
                0x0000000008008194       0x48 D:/STM32CubeIDE/STM32CubeIDE_1.7.0/STM32CubeIDE/plugins/com.st.stm32cube.ide.mcu.externaltools.gnu-tools-for-stm32.11.3.rel1.win32_1.1.100.202309141235/tools/bin/../lib/gcc/arm-none-eabi/11.3.1/../../../../arm-none-eabi/lib/thumb/v6-m/nofp\libc_nano.a(libc_a-init.o)
                0x0000000008008194                __libc_init_array
 .text.__retarget_lock_acquire_recursive
                0x00000000080081dc        0x2 D:/STM32CubeIDE/STM32CubeIDE_1.7.0/STM32CubeIDE/plugins/com.st.stm32cube.ide.mcu.externaltools.gnu-tools-for-stm32.11.3.rel1.win32_1.1.100.202309141235/tools/bin/../lib/gcc/arm-none-eabi/11.3.1/../../../../arm-none-eabi/lib/thumb/v6-m/nofp\libc_nano.a(libc_a-lock.o)
                0x00000000080081dc                __retarget_lock_acquire_recursive
 .text.__retarget_lock_release_recursive
                0x00000000080081de        0x2 D:/STM32CubeIDE/STM32CubeIDE_1.7.0/STM32CubeIDE/plugins/com.st.stm32cube.ide.mcu.externaltools.gnu-tools-for-stm32.11.3.rel1.win32_1.1.100.202309141235/tools/bin/../lib/gcc/arm-none-eabi/11.3.1/../../../../arm-none-eabi/lib/thumb/v6-m/nofp\libc_nano.a(libc_a-lock.o)
                0x00000000080081de                __retarget_lock_release_recursive
 .text.memcpy   0x00000000080081e0       0x12 D:/STM32CubeIDE/STM32CubeIDE_1.7.0/STM32CubeIDE/plugins/com.st.stm32cube.ide.mcu.externaltools.gnu-tools-for-stm32.11.3.rel1.win32_1.1.100.202309141235/tools/bin/../lib/gcc/arm-none-eabi/11.3.1/../../../../arm-none-eabi/lib/thumb/v6-m/nofp\libc_nano.a(libc_a-memcpy-stub.o)
                0x00000000080081e0                memcpy
 *fill*         0x00000000080081f2        0x2 
 .text._free_r  0x00000000080081f4       0x94 D:/STM32CubeIDE/STM32CubeIDE_1.7.0/STM32CubeIDE/plugins/com.st.stm32cube.ide.mcu.externaltools.gnu-tools-for-stm32.11.3.rel1.win32_1.1.100.202309141235/tools/bin/../lib/gcc/arm-none-eabi/11.3.1/../../../../arm-none-eabi/lib/thumb/v6-m/nofp\libc_nano.a(libc_a-freer.o)
                0x00000000080081f4                _free_r
 .text.__ssputs_r
                0x0000000008008288       0xc4 D:/STM32CubeIDE/STM32CubeIDE_1.7.0/STM32CubeIDE/plugins/com.st.stm32cube.ide.mcu.externaltools.gnu-tools-for-stm32.11.3.rel1.win32_1.1.100.202309141235/tools/bin/../lib/gcc/arm-none-eabi/11.3.1/../../../../arm-none-eabi/lib/thumb/v6-m/nofp\libc_nano.a(libc_a-nano-svfprintf.o)
                0x0000000008008288                __ssputs_r
 .text._svfprintf_r
                0x000000000800834c      0x200 D:/STM32CubeIDE/STM32CubeIDE_1.7.0/STM32CubeIDE/plugins/com.st.stm32cube.ide.mcu.externaltools.gnu-tools-for-stm32.11.3.rel1.win32_1.1.100.202309141235/tools/bin/../lib/gcc/arm-none-eabi/11.3.1/../../../../arm-none-eabi/lib/thumb/v6-m/nofp\libc_nano.a(libc_a-nano-svfprintf.o)
                0x000000000800834c                _svfiprintf_r
                0x000000000800834c                _svfprintf_r
 .text._printf_common
                0x000000000800854c       0xde D:/STM32CubeIDE/STM32CubeIDE_1.7.0/STM32CubeIDE/plugins/com.st.stm32cube.ide.mcu.externaltools.gnu-tools-for-stm32.11.3.rel1.win32_1.1.100.202309141235/tools/bin/../lib/gcc/arm-none-eabi/11.3.1/../../../../arm-none-eabi/lib/thumb/v6-m/nofp\libc_nano.a(libc_a-nano-vfprintf_i.o)
                0x000000000800854c                _printf_common
 *fill*         0x000000000800862a        0x2 
 .text._printf_i
                0x000000000800862c      0x220 D:/STM32CubeIDE/STM32CubeIDE_1.7.0/STM32CubeIDE/plugins/com.st.stm32cube.ide.mcu.externaltools.gnu-tools-for-stm32.11.3.rel1.win32_1.1.100.202309141235/tools/bin/../lib/gcc/arm-none-eabi/11.3.1/../../../../arm-none-eabi/lib/thumb/v6-m/nofp\libc_nano.a(libc_a-nano-vfprintf_i.o)
                0x000000000800862c                _printf_i
 .text.memmove  0x000000000800884c       0x26 D:/STM32CubeIDE/STM32CubeIDE_1.7.0/STM32CubeIDE/plugins/com.st.stm32cube.ide.mcu.externaltools.gnu-tools-for-stm32.11.3.rel1.win32_1.1.100.202309141235/tools/bin/../lib/gcc/arm-none-eabi/11.3.1/../../../../arm-none-eabi/lib/thumb/v6-m/nofp\libc_nano.a(libc_a-memmove.o)
                0x000000000800884c                memmove
 .text.memchr   0x0000000008008872       0x16 D:/STM32CubeIDE/STM32CubeIDE_1.7.0/STM32CubeIDE/plugins/com.st.stm32cube.ide.mcu.externaltools.gnu-tools-for-stm32.11.3.rel1.win32_1.1.100.202309141235/tools/bin/../lib/gcc/arm-none-eabi/11.3.1/../../../../arm-none-eabi/lib/thumb/v6-m/nofp\libc_nano.a(libc_a-memchr-stub.o)
                0x0000000008008872                memchr
 .text._realloc_r
                0x0000000008008888       0x5e D:/STM32CubeIDE/STM32CubeIDE_1.7.0/STM32CubeIDE/plugins/com.st.stm32cube.ide.mcu.externaltools.gnu-tools-for-stm32.11.3.rel1.win32_1.1.100.202309141235/tools/bin/../lib/gcc/arm-none-eabi/11.3.1/../../../../arm-none-eabi/lib/thumb/v6-m/nofp\libc_nano.a(libc_a-reallocr.o)
                0x0000000008008888                _realloc_r
 .text._malloc_usable_size_r
                0x00000000080088e6       0x10 D:/STM32CubeIDE/STM32CubeIDE_1.7.0/STM32CubeIDE/plugins/com.st.stm32cube.ide.mcu.externaltools.gnu-tools-for-stm32.11.3.rel1.win32_1.1.100.202309141235/tools/bin/../lib/gcc/arm-none-eabi/11.3.1/../../../../arm-none-eabi/lib/thumb/v6-m/nofp\libc_nano.a(libc_a-msizer.o)
                0x00000000080088e6                _malloc_usable_size_r
 *(.glue_7)
 .glue_7        0x00000000080088f6        0x0 linker stubs
 *(.glue_7t)
 .glue_7t       0x00000000080088f6        0x0 linker stubs
 *(.eh_frame)
 *fill*         0x00000000080088f6        0x2 
 .eh_frame      0x00000000080088f8        0x0 D:/STM32CubeIDE/STM32CubeIDE_1.7.0/STM32CubeIDE/plugins/com.st.stm32cube.ide.mcu.externaltools.gnu-tools-for-stm32.11.3.rel1.win32_1.1.100.202309141235/tools/bin/../lib/gcc/arm-none-eabi/11.3.1/thumb/v6-m/nofp/crtbegin.o
 *(.init)
 .init          0x00000000080088f8        0x4 D:/STM32CubeIDE/STM32CubeIDE_1.7.0/STM32CubeIDE/plugins/com.st.stm32cube.ide.mcu.externaltools.gnu-tools-for-stm32.11.3.rel1.win32_1.1.100.202309141235/tools/bin/../lib/gcc/arm-none-eabi/11.3.1/thumb/v6-m/nofp/crti.o
                0x00000000080088f8                _init
 .init          0x00000000080088fc        0x8 D:/STM32CubeIDE/STM32CubeIDE_1.7.0/STM32CubeIDE/plugins/com.st.stm32cube.ide.mcu.externaltools.gnu-tools-for-stm32.11.3.rel1.win32_1.1.100.202309141235/tools/bin/../lib/gcc/arm-none-eabi/11.3.1/thumb/v6-m/nofp/crtn.o
 *(.fini)
 .fini          0x0000000008008904        0x4 D:/STM32CubeIDE/STM32CubeIDE_1.7.0/STM32CubeIDE/plugins/com.st.stm32cube.ide.mcu.externaltools.gnu-tools-for-stm32.11.3.rel1.win32_1.1.100.202309141235/tools/bin/../lib/gcc/arm-none-eabi/11.3.1/thumb/v6-m/nofp/crti.o
                0x0000000008008904                _fini
 .fini          0x0000000008008908        0x8 D:/STM32CubeIDE/STM32CubeIDE_1.7.0/STM32CubeIDE/plugins/com.st.stm32cube.ide.mcu.externaltools.gnu-tools-for-stm32.11.3.rel1.win32_1.1.100.202309141235/tools/bin/../lib/gcc/arm-none-eabi/11.3.1/thumb/v6-m/nofp/crtn.o
                0x0000000008008910                . = ALIGN (0x4)
                0x0000000008008910                _etext = .

.vfp11_veneer   0x0000000008008910        0x0
 .vfp11_veneer  0x0000000008008910        0x0 linker stubs

.v4_bx          0x0000000008008910        0x0
 .v4_bx         0x0000000008008910        0x0 linker stubs

.iplt           0x0000000008008910        0x0
 .iplt          0x0000000008008910        0x0 D:/STM32CubeIDE/STM32CubeIDE_1.7.0/STM32CubeIDE/plugins/com.st.stm32cube.ide.mcu.externaltools.gnu-tools-for-stm32.11.3.rel1.win32_1.1.100.202309141235/tools/bin/../lib/gcc/arm-none-eabi/11.3.1/thumb/v6-m/nofp/crtbegin.o

.rodata         0x0000000008008910     0x1c88
                0x0000000008008910                . = ALIGN (0x4)
 *(.rodata)
 .rodata        0x0000000008008910      0x50d ./Core/Src/main.o
 *fill*         0x0000000008008e1d        0x3 
 .rodata        0x0000000008008e20      0xfec ./my_drivers/Src/astronode_application.o
 .rodata        0x0000000008009e0c      0x6bd ./my_drivers/Src/astronode_transport.o
 *(.rodata*)
 *fill*         0x000000000800a4c9        0x3 
 .rodata.AHBPrescTable
                0x000000000800a4cc       0x40 ./Core/Src/system_stm32g0xx.o
                0x000000000800a4cc                AHBPrescTable
 .rodata.APBPrescTable
                0x000000000800a50c       0x20 ./Core/Src/system_stm32g0xx.o
                0x000000000800a50c                APBPrescTable
 .rodata.UARTPrescTable
                0x000000000800a52c       0x18 ./Drivers/STM32G0xx_HAL_Driver/Src/stm32g0xx_hal_uart.o
                0x000000000800a52c                UARTPrescTable
 .rodata.numerator.1
                0x000000000800a544        0x8 ./Drivers/STM32G0xx_HAL_Driver/Src/stm32g0xx_hal_uart_ex.o
 .rodata.denominator.0
                0x000000000800a54c        0x8 ./Drivers/STM32G0xx_HAL_Driver/Src/stm32g0xx_hal_uart_ex.o
 .rodata.g_ascii_lookup
                0x000000000800a554       0x10 ./my_drivers/Src/astronode_transport.o
 .rodata._svfprintf_r.str1.1
                0x000000000800a564       0x11 D:/STM32CubeIDE/STM32CubeIDE_1.7.0/STM32CubeIDE/plugins/com.st.stm32cube.ide.mcu.externaltools.gnu-tools-for-stm32.11.3.rel1.win32_1.1.100.202309141235/tools/bin/../lib/gcc/arm-none-eabi/11.3.1/../../../../arm-none-eabi/lib/thumb/v6-m/nofp\libc_nano.a(libc_a-nano-svfprintf.o)
 .rodata._printf_i.str1.1
                0x000000000800a575       0x22 D:/STM32CubeIDE/STM32CubeIDE_1.7.0/STM32CubeIDE/plugins/com.st.stm32cube.ide.mcu.externaltools.gnu-tools-for-stm32.11.3.rel1.win32_1.1.100.202309141235/tools/bin/../lib/gcc/arm-none-eabi/11.3.1/../../../../arm-none-eabi/lib/thumb/v6-m/nofp\libc_nano.a(libc_a-nano-vfprintf_i.o)
                0x000000000800a598                . = ALIGN (0x4)
 *fill*         0x000000000800a597        0x1 

.ARM.extab      0x000000000800a598        0x0
                0x000000000800a598                . = ALIGN (0x4)
 *(.ARM.extab* .gnu.linkonce.armextab.*)
                0x000000000800a598                . = ALIGN (0x4)

.ARM            0x000000000800a598        0x8
                0x000000000800a598                . = ALIGN (0x4)
                0x000000000800a598                __exidx_start = .
 *(.ARM.exidx*)
 .ARM.exidx     0x000000000800a598        0x8 D:/STM32CubeIDE/STM32CubeIDE_1.7.0/STM32CubeIDE/plugins/com.st.stm32cube.ide.mcu.externaltools.gnu-tools-for-stm32.11.3.rel1.win32_1.1.100.202309141235/tools/bin/../lib/gcc/arm-none-eabi/11.3.1/thumb/v6-m/nofp\libgcc.a(_udivmoddi4.o)
                0x000000000800a5a0                __exidx_end = .
                0x000000000800a5a0                . = ALIGN (0x4)

.rel.dyn        0x000000000800a5a0        0x0
 .rel.iplt      0x000000000800a5a0        0x0 D:/STM32CubeIDE/STM32CubeIDE_1.7.0/STM32CubeIDE/plugins/com.st.stm32cube.ide.mcu.externaltools.gnu-tools-for-stm32.11.3.rel1.win32_1.1.100.202309141235/tools/bin/../lib/gcc/arm-none-eabi/11.3.1/thumb/v6-m/nofp/crtbegin.o

.preinit_array  0x000000000800a5a0        0x0
                0x000000000800a5a0                . = ALIGN (0x4)
                0x000000000800a5a0                PROVIDE (__preinit_array_start = .)
 *(.preinit_array*)
                0x000000000800a5a0                PROVIDE (__preinit_array_end = .)
                0x000000000800a5a0                . = ALIGN (0x4)

.init_array     0x000000000800a5a0        0x4
                0x000000000800a5a0                . = ALIGN (0x4)
                0x000000000800a5a0                PROVIDE (__init_array_start = .)
 *(SORT_BY_NAME(.init_array.*))
 *(.init_array*)
 .init_array    0x000000000800a5a0        0x4 D:/STM32CubeIDE/STM32CubeIDE_1.7.0/STM32CubeIDE/plugins/com.st.stm32cube.ide.mcu.externaltools.gnu-tools-for-stm32.11.3.rel1.win32_1.1.100.202309141235/tools/bin/../lib/gcc/arm-none-eabi/11.3.1/thumb/v6-m/nofp/crtbegin.o
                0x000000000800a5a4                PROVIDE (__init_array_end = .)
                0x000000000800a5a4                . = ALIGN (0x4)

.fini_array     0x000000000800a5a4        0x4
                0x000000000800a5a4                . = ALIGN (0x4)
                [!provide]                        PROVIDE (__fini_array_start = .)
 *(SORT_BY_NAME(.fini_array.*))
 *(.fini_array*)
 .fini_array    0x000000000800a5a4        0x4 D:/STM32CubeIDE/STM32CubeIDE_1.7.0/STM32CubeIDE/plugins/com.st.stm32cube.ide.mcu.externaltools.gnu-tools-for-stm32.11.3.rel1.win32_1.1.100.202309141235/tools/bin/../lib/gcc/arm-none-eabi/11.3.1/thumb/v6-m/nofp/crtbegin.o
                [!provide]                        PROVIDE (__fini_array_end = .)
                0x000000000800a5a8                . = ALIGN (0x4)
                0x000000000800a5a8                _sidata = LOADADDR (.data)

.data           0x0000000020000000       0x60 load address 0x000000000800a5a8
                0x0000000020000000                . = ALIGN (0x4)
                0x0000000020000000                _sdata = .
 *(.data)
 *(.data*)
 .data.hello    0x0000000020000000        0x4 ./Core/Src/main.o
                0x0000000020000000                hello
 .data.SystemCoreClock
                0x0000000020000004        0x4 ./Core/Src/system_stm32g0xx.o
                0x0000000020000004                SystemCoreClock
 .data.uwTickPrio
                0x0000000020000008        0x4 ./Drivers/STM32G0xx_HAL_Driver/Src/stm32g0xx_hal.o
                0x0000000020000008                uwTickPrio
 .data.uwTickFreq
                0x000000002000000c        0x1 ./Drivers/STM32G0xx_HAL_Driver/Src/stm32g0xx_hal.o
                0x000000002000000c                uwTickFreq
 *fill*         0x000000002000000d        0x3 
 .data._impure_data
                0x0000000020000010       0x4c D:/STM32CubeIDE/STM32CubeIDE_1.7.0/STM32CubeIDE/plugins/com.st.stm32cube.ide.mcu.externaltools.gnu-tools-for-stm32.11.3.rel1.win32_1.1.100.202309141235/tools/bin/../lib/gcc/arm-none-eabi/11.3.1/../../../../arm-none-eabi/lib/thumb/v6-m/nofp\libc_nano.a(libc_a-impure.o)
                0x0000000020000010                _impure_data
 .data._impure_ptr
                0x000000002000005c        0x4 D:/STM32CubeIDE/STM32CubeIDE_1.7.0/STM32CubeIDE/plugins/com.st.stm32cube.ide.mcu.externaltools.gnu-tools-for-stm32.11.3.rel1.win32_1.1.100.202309141235/tools/bin/../lib/gcc/arm-none-eabi/11.3.1/../../../../arm-none-eabi/lib/thumb/v6-m/nofp\libc_nano.a(libc_a-impure.o)
                0x000000002000005c                _impure_ptr
 *(.RamFunc)
 *(.RamFunc*)
                0x0000000020000060                . = ALIGN (0x4)
                0x0000000020000060                _edata = .

.igot.plt       0x0000000020000060        0x0 load address 0x000000000800a608
 .igot.plt      0x0000000020000060        0x0 D:/STM32CubeIDE/STM32CubeIDE_1.7.0/STM32CubeIDE/plugins/com.st.stm32cube.ide.mcu.externaltools.gnu-tools-for-stm32.11.3.rel1.win32_1.1.100.202309141235/tools/bin/../lib/gcc/arm-none-eabi/11.3.1/thumb/v6-m/nofp/crtbegin.o
                0x0000000020000060                . = ALIGN (0x4)

.bss            0x0000000020000060     0x1524 load address 0x000000000800a608
                0x0000000020000060                _sbss = .
                0x0000000020000060                __bss_start__ = _sbss
 *(.bss)
 .bss           0x0000000020000060       0x1c D:/STM32CubeIDE/STM32CubeIDE_1.7.0/STM32CubeIDE/plugins/com.st.stm32cube.ide.mcu.externaltools.gnu-tools-for-stm32.11.3.rel1.win32_1.1.100.202309141235/tools/bin/../lib/gcc/arm-none-eabi/11.3.1/thumb/v6-m/nofp/crtbegin.o
 *(.bss*)
 .bss.hrtc      0x000000002000007c       0x2c ./Core/Src/main.o
                0x000000002000007c                hrtc
 .bss.hspi1     0x00000000200000a8       0x64 ./Core/Src/main.o
                0x00000000200000a8                hspi1
 .bss.htim6     0x000000002000010c       0x4c ./Core/Src/main.o
                0x000000002000010c                htim6
 .bss.huart2    0x0000000020000158       0x94 ./Core/Src/main.o
                0x0000000020000158                huart2
 .bss.huart3    0x00000000200001ec       0x94 ./Core/Src/main.o
                0x00000000200001ec                huart3
 .bss.huart5    0x0000000020000280       0x94 ./Core/Src/main.o
                0x0000000020000280                huart5
 .bss.uart_buff
                0x0000000020000314       0xfa ./Core/Src/main.o
                0x0000000020000314                uart_buff
 *fill*         0x000000002000040e        0x2 
 .bss.my_acc_ctx
                0x0000000020000410       0x10 ./Core/Src/main.o
                0x0000000020000410                my_acc_ctx
 .bss.tim_seconds
                0x0000000020000420        0x2 ./Core/Src/main.o
                0x0000000020000420                tim_seconds
 *fill*         0x0000000020000422        0x2 
 .bss.uart2_tx_buffer
                0x0000000020000424     0x1000 ./Core/Src/main.o
                0x0000000020000424                uart2_tx_buffer
 .bss.uart_fifo
                0x0000000020001424        0xc ./Core/Src/main.o
                0x0000000020001424                uart_fifo
 .bss.gnss_rxd_byte
                0x0000000020001430        0x1 ./Core/Src/main.o
                0x0000000020001430                gnss_rxd_byte
 *fill*         0x0000000020001431        0x3 
 .bss.__sbrk_heap_end
                0x0000000020001434        0x4 ./Core/Src/sysmem.o
 .bss.uwTick    0x0000000020001438        0x4 ./Drivers/STM32G0xx_HAL_Driver/Src/stm32g0xx_hal.o
                0x0000000020001438                uwTick
 .bss.__malloc_free_list
                0x000000002000143c        0x4 D:/STM32CubeIDE/STM32CubeIDE_1.7.0/STM32CubeIDE/plugins/com.st.stm32cube.ide.mcu.externaltools.gnu-tools-for-stm32.11.3.rel1.win32_1.1.100.202309141235/tools/bin/../lib/gcc/arm-none-eabi/11.3.1/../../../../arm-none-eabi/lib/thumb/v6-m/nofp\libc_nano.a(libc_a-mallocr.o)
                0x000000002000143c                __malloc_free_list
 .bss.__malloc_sbrk_start
                0x0000000020001440        0x4 D:/STM32CubeIDE/STM32CubeIDE_1.7.0/STM32CubeIDE/plugins/com.st.stm32cube.ide.mcu.externaltools.gnu-tools-for-stm32.11.3.rel1.win32_1.1.100.202309141235/tools/bin/../lib/gcc/arm-none-eabi/11.3.1/../../../../arm-none-eabi/lib/thumb/v6-m/nofp\libc_nano.a(libc_a-mallocr.o)
                0x0000000020001440                __malloc_sbrk_start
 .bss.__sf      0x0000000020001444      0x138 D:/STM32CubeIDE/STM32CubeIDE_1.7.0/STM32CubeIDE/plugins/com.st.stm32cube.ide.mcu.externaltools.gnu-tools-for-stm32.11.3.rel1.win32_1.1.100.202309141235/tools/bin/../lib/gcc/arm-none-eabi/11.3.1/../../../../arm-none-eabi/lib/thumb/v6-m/nofp\libc_nano.a(libc_a-findfp.o)
                0x0000000020001444                __sf
 .bss.errno     0x000000002000157c        0x4 D:/STM32CubeIDE/STM32CubeIDE_1.7.0/STM32CubeIDE/plugins/com.st.stm32cube.ide.mcu.externaltools.gnu-tools-for-stm32.11.3.rel1.win32_1.1.100.202309141235/tools/bin/../lib/gcc/arm-none-eabi/11.3.1/../../../../arm-none-eabi/lib/thumb/v6-m/nofp\libc_nano.a(libc_a-reent.o)
                0x000000002000157c                errno
 .bss.__lock___malloc_recursive_mutex
                0x0000000020001580        0x1 D:/STM32CubeIDE/STM32CubeIDE_1.7.0/STM32CubeIDE/plugins/com.st.stm32cube.ide.mcu.externaltools.gnu-tools-for-stm32.11.3.rel1.win32_1.1.100.202309141235/tools/bin/../lib/gcc/arm-none-eabi/11.3.1/../../../../arm-none-eabi/lib/thumb/v6-m/nofp\libc_nano.a(libc_a-lock.o)
                0x0000000020001580                __lock___malloc_recursive_mutex
 *(COMMON)
                0x0000000020001584                . = ALIGN (0x4)
 *fill*         0x0000000020001581        0x3 
                0x0000000020001584                _ebss = .
                0x0000000020001584                __bss_end__ = _ebss

._user_heap_stack
                0x0000000020001584      0x604 load address 0x000000000800a608
                0x0000000020001588                . = ALIGN (0x8)
 *fill*         0x0000000020001584        0x4 
                [!provide]                        PROVIDE (end = .)
                0x0000000020001588                PROVIDE (_end = .)
                0x0000000020001788                . = (. + _Min_Heap_Size)
 *fill*         0x0000000020001588      0x200 
                0x0000000020001b88                . = (. + _Min_Stack_Size)
 *fill*         0x0000000020001788      0x400 
                0x0000000020001b88                . = ALIGN (0x8)

/DISCARD/
 libc.a(*)
 libm.a(*)
 libgcc.a(*)

.ARM.attributes
                0x0000000000000000       0x28
 *(.ARM.attributes)
 .ARM.attributes
                0x0000000000000000       0x1e D:/STM32CubeIDE/STM32CubeIDE_1.7.0/STM32CubeIDE/plugins/com.st.stm32cube.ide.mcu.externaltools.gnu-tools-for-stm32.11.3.rel1.win32_1.1.100.202309141235/tools/bin/../lib/gcc/arm-none-eabi/11.3.1/thumb/v6-m/nofp/crti.o
 .ARM.attributes
                0x000000000000001e       0x2c D:/STM32CubeIDE/STM32CubeIDE_1.7.0/STM32CubeIDE/plugins/com.st.stm32cube.ide.mcu.externaltools.gnu-tools-for-stm32.11.3.rel1.win32_1.1.100.202309141235/tools/bin/../lib/gcc/arm-none-eabi/11.3.1/thumb/v6-m/nofp/crtbegin.o
 .ARM.attributes
                0x000000000000004a       0x2c ./Core/Src/main.o
 .ARM.attributes
                0x0000000000000076       0x2c ./Core/Src/stm32g0xx_hal_msp.o
 .ARM.attributes
                0x00000000000000a2       0x2c ./Core/Src/stm32g0xx_it.o
 .ARM.attributes
                0x00000000000000ce       0x2c ./Core/Src/sysmem.o
 .ARM.attributes
                0x00000000000000fa       0x2c ./Core/Src/system_stm32g0xx.o
 .ARM.attributes
                0x0000000000000126       0x22 ./Core/Startup/startup_stm32g0b1cbtx.o
 .ARM.attributes
                0x0000000000000148       0x2c ./Drivers/STM32G0xx_HAL_Driver/Src/stm32g0xx_hal.o
 .ARM.attributes
                0x0000000000000174       0x2c ./Drivers/STM32G0xx_HAL_Driver/Src/stm32g0xx_hal_cortex.o
 .ARM.attributes
                0x00000000000001a0       0x2c ./Drivers/STM32G0xx_HAL_Driver/Src/stm32g0xx_hal_dma.o
 .ARM.attributes
                0x00000000000001cc       0x2c ./Drivers/STM32G0xx_HAL_Driver/Src/stm32g0xx_hal_gpio.o
 .ARM.attributes
                0x00000000000001f8       0x2c ./Drivers/STM32G0xx_HAL_Driver/Src/stm32g0xx_hal_pwr_ex.o
 .ARM.attributes
                0x0000000000000224       0x2c ./Drivers/STM32G0xx_HAL_Driver/Src/stm32g0xx_hal_rcc.o
 .ARM.attributes
                0x0000000000000250       0x2c ./Drivers/STM32G0xx_HAL_Driver/Src/stm32g0xx_hal_rcc_ex.o
 .ARM.attributes
                0x000000000000027c       0x2c ./Drivers/STM32G0xx_HAL_Driver/Src/stm32g0xx_hal_rtc.o
 .ARM.attributes
                0x00000000000002a8       0x2c ./Drivers/STM32G0xx_HAL_Driver/Src/stm32g0xx_hal_spi.o
 .ARM.attributes
                0x00000000000002d4       0x2c ./Drivers/STM32G0xx_HAL_Driver/Src/stm32g0xx_hal_tim.o
 .ARM.attributes
                0x0000000000000300       0x2c ./Drivers/STM32G0xx_HAL_Driver/Src/stm32g0xx_hal_tim_ex.o
 .ARM.attributes
                0x000000000000032c       0x2c ./Drivers/STM32G0xx_HAL_Driver/Src/stm32g0xx_hal_uart.o
 .ARM.attributes
                0x0000000000000358       0x2c ./Drivers/STM32G0xx_HAL_Driver/Src/stm32g0xx_hal_uart_ex.o
 .ARM.attributes
                0x0000000000000384       0x2c ./my_drivers/Src/astronode_application.o
 .ARM.attributes
                0x00000000000003b0       0x2c ./my_drivers/Src/astronode_transport.o
 .ARM.attributes
                0x00000000000003dc       0x2c ./my_drivers/Src/lis2dw12_reg.o
 .ARM.attributes
                0x0000000000000408       0x2c ./my_drivers/Src/my_lis2dw12.o
 .ARM.attributes
                0x0000000000000434       0x2c D:/STM32CubeIDE/STM32CubeIDE_1.7.0/STM32CubeIDE/plugins/com.st.stm32cube.ide.mcu.externaltools.gnu-tools-for-stm32.11.3.rel1.win32_1.1.100.202309141235/tools/bin/../lib/gcc/arm-none-eabi/11.3.1/../../../../arm-none-eabi/lib/thumb/v6-m/nofp\libc_nano.a(libc_a-mallocr.o)
 .ARM.attributes
                0x0000000000000460       0x2c D:/STM32CubeIDE/STM32CubeIDE_1.7.0/STM32CubeIDE/plugins/com.st.stm32cube.ide.mcu.externaltools.gnu-tools-for-stm32.11.3.rel1.win32_1.1.100.202309141235/tools/bin/../lib/gcc/arm-none-eabi/11.3.1/../../../../arm-none-eabi/lib/thumb/v6-m/nofp\libc_nano.a(libc_a-mlock.o)
 .ARM.attributes
                0x000000000000048c       0x2c D:/STM32CubeIDE/STM32CubeIDE_1.7.0/STM32CubeIDE/plugins/com.st.stm32cube.ide.mcu.externaltools.gnu-tools-for-stm32.11.3.rel1.win32_1.1.100.202309141235/tools/bin/../lib/gcc/arm-none-eabi/11.3.1/../../../../arm-none-eabi/lib/thumb/v6-m/nofp\libc_nano.a(libc_a-findfp.o)
 .ARM.attributes
                0x00000000000004b8       0x2c D:/STM32CubeIDE/STM32CubeIDE_1.7.0/STM32CubeIDE/plugins/com.st.stm32cube.ide.mcu.externaltools.gnu-tools-for-stm32.11.3.rel1.win32_1.1.100.202309141235/tools/bin/../lib/gcc/arm-none-eabi/11.3.1/../../../../arm-none-eabi/lib/thumb/v6-m/nofp\libc_nano.a(libc_a-snprintf.o)
 .ARM.attributes
                0x00000000000004e4       0x2c D:/STM32CubeIDE/STM32CubeIDE_1.7.0/STM32CubeIDE/plugins/com.st.stm32cube.ide.mcu.externaltools.gnu-tools-for-stm32.11.3.rel1.win32_1.1.100.202309141235/tools/bin/../lib/gcc/arm-none-eabi/11.3.1/../../../../arm-none-eabi/lib/thumb/v6-m/nofp\libc_nano.a(libc_a-sprintf.o)
 .ARM.attributes
                0x0000000000000510       0x2c D:/STM32CubeIDE/STM32CubeIDE_1.7.0/STM32CubeIDE/plugins/com.st.stm32cube.ide.mcu.externaltools.gnu-tools-for-stm32.11.3.rel1.win32_1.1.100.202309141235/tools/bin/../lib/gcc/arm-none-eabi/11.3.1/../../../../arm-none-eabi/lib/thumb/v6-m/nofp\libc_nano.a(libc_a-memset.o)
 .ARM.attributes
                0x000000000000053c       0x2c D:/STM32CubeIDE/STM32CubeIDE_1.7.0/STM32CubeIDE/plugins/com.st.stm32cube.ide.mcu.externaltools.gnu-tools-for-stm32.11.3.rel1.win32_1.1.100.202309141235/tools/bin/../lib/gcc/arm-none-eabi/11.3.1/../../../../arm-none-eabi/lib/thumb/v6-m/nofp\libc_nano.a(libc_a-reent.o)
 .ARM.attributes
                0x0000000000000568       0x2c D:/STM32CubeIDE/STM32CubeIDE_1.7.0/STM32CubeIDE/plugins/com.st.stm32cube.ide.mcu.externaltools.gnu-tools-for-stm32.11.3.rel1.win32_1.1.100.202309141235/tools/bin/../lib/gcc/arm-none-eabi/11.3.1/../../../../arm-none-eabi/lib/thumb/v6-m/nofp\libc_nano.a(libc_a-impure.o)
 .ARM.attributes
                0x0000000000000594       0x2c D:/STM32CubeIDE/STM32CubeIDE_1.7.0/STM32CubeIDE/plugins/com.st.stm32cube.ide.mcu.externaltools.gnu-tools-for-stm32.11.3.rel1.win32_1.1.100.202309141235/tools/bin/../lib/gcc/arm-none-eabi/11.3.1/../../../../arm-none-eabi/lib/thumb/v6-m/nofp\libc_nano.a(libc_a-sbrkr.o)
 .ARM.attributes
                0x00000000000005c0       0x2c D:/STM32CubeIDE/STM32CubeIDE_1.7.0/STM32CubeIDE/plugins/com.st.stm32cube.ide.mcu.externaltools.gnu-tools-for-stm32.11.3.rel1.win32_1.1.100.202309141235/tools/bin/../lib/gcc/arm-none-eabi/11.3.1/../../../../arm-none-eabi/lib/thumb/v6-m/nofp\libc_nano.a(libc_a-errno.o)
 .ARM.attributes
                0x00000000000005ec       0x2c D:/STM32CubeIDE/STM32CubeIDE_1.7.0/STM32CubeIDE/plugins/com.st.stm32cube.ide.mcu.externaltools.gnu-tools-for-stm32.11.3.rel1.win32_1.1.100.202309141235/tools/bin/../lib/gcc/arm-none-eabi/11.3.1/../../../../arm-none-eabi/lib/thumb/v6-m/nofp\libc_nano.a(libc_a-init.o)
 .ARM.attributes
                0x0000000000000618       0x2c D:/STM32CubeIDE/STM32CubeIDE_1.7.0/STM32CubeIDE/plugins/com.st.stm32cube.ide.mcu.externaltools.gnu-tools-for-stm32.11.3.rel1.win32_1.1.100.202309141235/tools/bin/../lib/gcc/arm-none-eabi/11.3.1/../../../../arm-none-eabi/lib/thumb/v6-m/nofp\libc_nano.a(libc_a-lock.o)
 .ARM.attributes
                0x0000000000000644       0x2c D:/STM32CubeIDE/STM32CubeIDE_1.7.0/STM32CubeIDE/plugins/com.st.stm32cube.ide.mcu.externaltools.gnu-tools-for-stm32.11.3.rel1.win32_1.1.100.202309141235/tools/bin/../lib/gcc/arm-none-eabi/11.3.1/../../../../arm-none-eabi/lib/thumb/v6-m/nofp\libc_nano.a(libc_a-memcpy-stub.o)
 .ARM.attributes
                0x0000000000000670       0x1c D:/STM32CubeIDE/STM32CubeIDE_1.7.0/STM32CubeIDE/plugins/com.st.stm32cube.ide.mcu.externaltools.gnu-tools-for-stm32.11.3.rel1.win32_1.1.100.202309141235/tools/bin/../lib/gcc/arm-none-eabi/11.3.1/../../../../arm-none-eabi/lib/thumb/v6-m/nofp\libc_nano.a(libc_a-strlen.o)
 .ARM.attributes
                0x000000000000068c       0x2c D:/STM32CubeIDE/STM32CubeIDE_1.7.0/STM32CubeIDE/plugins/com.st.stm32cube.ide.mcu.externaltools.gnu-tools-for-stm32.11.3.rel1.win32_1.1.100.202309141235/tools/bin/../lib/gcc/arm-none-eabi/11.3.1/../../../../arm-none-eabi/lib/thumb/v6-m/nofp\libc_nano.a(libc_a-freer.o)
 .ARM.attributes
                0x00000000000006b8       0x2c D:/STM32CubeIDE/STM32CubeIDE_1.7.0/STM32CubeIDE/plugins/com.st.stm32cube.ide.mcu.externaltools.gnu-tools-for-stm32.11.3.rel1.win32_1.1.100.202309141235/tools/bin/../lib/gcc/arm-none-eabi/11.3.1/../../../../arm-none-eabi/lib/thumb/v6-m/nofp\libc_nano.a(libc_a-nano-svfprintf.o)
 .ARM.attributes
                0x00000000000006e4       0x2c D:/STM32CubeIDE/STM32CubeIDE_1.7.0/STM32CubeIDE/plugins/com.st.stm32cube.ide.mcu.externaltools.gnu-tools-for-stm32.11.3.rel1.win32_1.1.100.202309141235/tools/bin/../lib/gcc/arm-none-eabi/11.3.1/../../../../arm-none-eabi/lib/thumb/v6-m/nofp\libc_nano.a(libc_a-nano-vfprintf_i.o)
 .ARM.attributes
                0x0000000000000710       0x2c D:/STM32CubeIDE/STM32CubeIDE_1.7.0/STM32CubeIDE/plugins/com.st.stm32cube.ide.mcu.externaltools.gnu-tools-for-stm32.11.3.rel1.win32_1.1.100.202309141235/tools/bin/../lib/gcc/arm-none-eabi/11.3.1/../../../../arm-none-eabi/lib/thumb/v6-m/nofp\libc_nano.a(libc_a-memmove.o)
 .ARM.attributes
                0x000000000000073c       0x2c D:/STM32CubeIDE/STM32CubeIDE_1.7.0/STM32CubeIDE/plugins/com.st.stm32cube.ide.mcu.externaltools.gnu-tools-for-stm32.11.3.rel1.win32_1.1.100.202309141235/tools/bin/../lib/gcc/arm-none-eabi/11.3.1/../../../../arm-none-eabi/lib/thumb/v6-m/nofp\libc_nano.a(libc_a-memchr-stub.o)
 .ARM.attributes
                0x0000000000000768       0x2c D:/STM32CubeIDE/STM32CubeIDE_1.7.0/STM32CubeIDE/plugins/com.st.stm32cube.ide.mcu.externaltools.gnu-tools-for-stm32.11.3.rel1.win32_1.1.100.202309141235/tools/bin/../lib/gcc/arm-none-eabi/11.3.1/../../../../arm-none-eabi/lib/thumb/v6-m/nofp\libc_nano.a(libc_a-reallocr.o)
 .ARM.attributes
                0x0000000000000794       0x2c D:/STM32CubeIDE/STM32CubeIDE_1.7.0/STM32CubeIDE/plugins/com.st.stm32cube.ide.mcu.externaltools.gnu-tools-for-stm32.11.3.rel1.win32_1.1.100.202309141235/tools/bin/../lib/gcc/arm-none-eabi/11.3.1/../../../../arm-none-eabi/lib/thumb/v6-m/nofp\libc_nano.a(libc_a-msizer.o)
 .ARM.attributes
                0x00000000000007c0       0x1e D:/STM32CubeIDE/STM32CubeIDE_1.7.0/STM32CubeIDE/plugins/com.st.stm32cube.ide.mcu.externaltools.gnu-tools-for-stm32.11.3.rel1.win32_1.1.100.202309141235/tools/bin/../lib/gcc/arm-none-eabi/11.3.1/thumb/v6-m/nofp\libgcc.a(_thumb1_case_shi.o)
 .ARM.attributes
                0x00000000000007de       0x1e D:/STM32CubeIDE/STM32CubeIDE_1.7.0/STM32CubeIDE/plugins/com.st.stm32cube.ide.mcu.externaltools.gnu-tools-for-stm32.11.3.rel1.win32_1.1.100.202309141235/tools/bin/../lib/gcc/arm-none-eabi/11.3.1/thumb/v6-m/nofp\libgcc.a(_udivsi3.o)
 .ARM.attributes
                0x00000000000007fc       0x1e D:/STM32CubeIDE/STM32CubeIDE_1.7.0/STM32CubeIDE/plugins/com.st.stm32cube.ide.mcu.externaltools.gnu-tools-for-stm32.11.3.rel1.win32_1.1.100.202309141235/tools/bin/../lib/gcc/arm-none-eabi/11.3.1/thumb/v6-m/nofp\libgcc.a(_divsi3.o)
 .ARM.attributes
                0x000000000000081a       0x1e D:/STM32CubeIDE/STM32CubeIDE_1.7.0/STM32CubeIDE/plugins/com.st.stm32cube.ide.mcu.externaltools.gnu-tools-for-stm32.11.3.rel1.win32_1.1.100.202309141235/tools/bin/../lib/gcc/arm-none-eabi/11.3.1/thumb/v6-m/nofp\libgcc.a(_dvmd_tls.o)
 .ARM.attributes
                0x0000000000000838       0x1e D:/STM32CubeIDE/STM32CubeIDE_1.7.0/STM32CubeIDE/plugins/com.st.stm32cube.ide.mcu.externaltools.gnu-tools-for-stm32.11.3.rel1.win32_1.1.100.202309141235/tools/bin/../lib/gcc/arm-none-eabi/11.3.1/thumb/v6-m/nofp\libgcc.a(_aeabi_uldivmod.o)
 .ARM.attributes
                0x0000000000000856       0x2c D:/STM32CubeIDE/STM32CubeIDE_1.7.0/STM32CubeIDE/plugins/com.st.stm32cube.ide.mcu.externaltools.gnu-tools-for-stm32.11.3.rel1.win32_1.1.100.202309141235/tools/bin/../lib/gcc/arm-none-eabi/11.3.1/thumb/v6-m/nofp\libgcc.a(_udivmoddi4.o)
 .ARM.attributes
                0x0000000000000882       0x1e D:/STM32CubeIDE/STM32CubeIDE_1.7.0/STM32CubeIDE/plugins/com.st.stm32cube.ide.mcu.externaltools.gnu-tools-for-stm32.11.3.rel1.win32_1.1.100.202309141235/tools/bin/../lib/gcc/arm-none-eabi/11.3.1/thumb/v6-m/nofp\libgcc.a(_clzsi2.o)
 .ARM.attributes
                0x00000000000008a0       0x1e D:/STM32CubeIDE/STM32CubeIDE_1.7.0/STM32CubeIDE/plugins/com.st.stm32cube.ide.mcu.externaltools.gnu-tools-for-stm32.11.3.rel1.win32_1.1.100.202309141235/tools/bin/../lib/gcc/arm-none-eabi/11.3.1/thumb/v6-m/nofp\libgcc.a(_clzdi2.o)
 .ARM.attributes
                0x00000000000008be       0x1e D:/STM32CubeIDE/STM32CubeIDE_1.7.0/STM32CubeIDE/plugins/com.st.stm32cube.ide.mcu.externaltools.gnu-tools-for-stm32.11.3.rel1.win32_1.1.100.202309141235/tools/bin/../lib/gcc/arm-none-eabi/11.3.1/thumb/v6-m/nofp/crtn.o
OUTPUT(TSAT_TRACKER_P.elf elf32-littlearm)
LOAD linker stubs
LOAD D:/STM32CubeIDE/STM32CubeIDE_1.7.0/STM32CubeIDE/plugins/com.st.stm32cube.ide.mcu.externaltools.gnu-tools-for-stm32.11.3.rel1.win32_1.1.100.202309141235/tools/bin/../lib/gcc/arm-none-eabi/11.3.1/../../../../arm-none-eabi/lib/thumb/v6-m/nofp\libc.a
LOAD D:/STM32CubeIDE/STM32CubeIDE_1.7.0/STM32CubeIDE/plugins/com.st.stm32cube.ide.mcu.externaltools.gnu-tools-for-stm32.11.3.rel1.win32_1.1.100.202309141235/tools/bin/../lib/gcc/arm-none-eabi/11.3.1/../../../../arm-none-eabi/lib/thumb/v6-m/nofp\libm.a
LOAD D:/STM32CubeIDE/STM32CubeIDE_1.7.0/STM32CubeIDE/plugins/com.st.stm32cube.ide.mcu.externaltools.gnu-tools-for-stm32.11.3.rel1.win32_1.1.100.202309141235/tools/bin/../lib/gcc/arm-none-eabi/11.3.1/thumb/v6-m/nofp\libgcc.a

.comment        0x0000000000000000       0x43
 .comment       0x0000000000000000       0x43 D:/STM32CubeIDE/STM32CubeIDE_1.7.0/STM32CubeIDE/plugins/com.st.stm32cube.ide.mcu.externaltools.gnu-tools-for-stm32.11.3.rel1.win32_1.1.100.202309141235/tools/bin/../lib/gcc/arm-none-eabi/11.3.1/thumb/v6-m/nofp/crtbegin.o
                                         0x44 (size before relaxing)
 .comment       0x0000000000000043       0x44 ./Core/Src/main.o
 .comment       0x0000000000000043       0x44 ./Core/Src/stm32g0xx_hal_msp.o
 .comment       0x0000000000000043       0x44 ./Core/Src/stm32g0xx_it.o
 .comment       0x0000000000000043       0x44 ./Core/Src/sysmem.o
 .comment       0x0000000000000043       0x44 ./Core/Src/system_stm32g0xx.o
 .comment       0x0000000000000043       0x44 ./Drivers/STM32G0xx_HAL_Driver/Src/stm32g0xx_hal.o
 .comment       0x0000000000000043       0x44 ./Drivers/STM32G0xx_HAL_Driver/Src/stm32g0xx_hal_cortex.o
 .comment       0x0000000000000043       0x44 ./Drivers/STM32G0xx_HAL_Driver/Src/stm32g0xx_hal_dma.o
 .comment       0x0000000000000043       0x44 ./Drivers/STM32G0xx_HAL_Driver/Src/stm32g0xx_hal_gpio.o
 .comment       0x0000000000000043       0x44 ./Drivers/STM32G0xx_HAL_Driver/Src/stm32g0xx_hal_pwr_ex.o
 .comment       0x0000000000000043       0x44 ./Drivers/STM32G0xx_HAL_Driver/Src/stm32g0xx_hal_rcc.o
 .comment       0x0000000000000043       0x44 ./Drivers/STM32G0xx_HAL_Driver/Src/stm32g0xx_hal_rcc_ex.o
 .comment       0x0000000000000043       0x44 ./Drivers/STM32G0xx_HAL_Driver/Src/stm32g0xx_hal_rtc.o
 .comment       0x0000000000000043       0x44 ./Drivers/STM32G0xx_HAL_Driver/Src/stm32g0xx_hal_spi.o
 .comment       0x0000000000000043       0x44 ./Drivers/STM32G0xx_HAL_Driver/Src/stm32g0xx_hal_tim.o
 .comment       0x0000000000000043       0x44 ./Drivers/STM32G0xx_HAL_Driver/Src/stm32g0xx_hal_tim_ex.o
 .comment       0x0000000000000043       0x44 ./Drivers/STM32G0xx_HAL_Driver/Src/stm32g0xx_hal_uart.o
 .comment       0x0000000000000043       0x44 ./Drivers/STM32G0xx_HAL_Driver/Src/stm32g0xx_hal_uart_ex.o
 .comment       0x0000000000000043       0x44 ./my_drivers/Src/astronode_application.o
 .comment       0x0000000000000043       0x44 ./my_drivers/Src/astronode_transport.o
 .comment       0x0000000000000043       0x44 ./my_drivers/Src/lis2dw12_reg.o
 .comment       0x0000000000000043       0x44 ./my_drivers/Src/my_lis2dw12.o

.debug_info     0x0000000000000000    0x1a1ac
 .debug_info    0x0000000000000000     0x223d ./Core/Src/main.o
 .debug_info    0x000000000000223d     0x18a0 ./Core/Src/stm32g0xx_hal_msp.o
 .debug_info    0x0000000000003add      0x891 ./Core/Src/stm32g0xx_it.o
 .debug_info    0x000000000000436e      0x168 ./Core/Src/sysmem.o
 .debug_info    0x00000000000044d6      0x316 ./Core/Src/system_stm32g0xx.o
 .debug_info    0x00000000000047ec       0x23 ./Core/Startup/startup_stm32g0b1cbtx.o
 .debug_info    0x000000000000480f      0xafa ./Drivers/STM32G0xx_HAL_Driver/Src/stm32g0xx_hal.o
 .debug_info    0x0000000000005309      0x8d9 ./Drivers/STM32G0xx_HAL_Driver/Src/stm32g0xx_hal_cortex.o
 .debug_info    0x0000000000005be2      0x869 ./Drivers/STM32G0xx_HAL_Driver/Src/stm32g0xx_hal_dma.o
 .debug_info    0x000000000000644b      0x5d9 ./Drivers/STM32G0xx_HAL_Driver/Src/stm32g0xx_hal_gpio.o
 .debug_info    0x0000000000006a24      0x8b5 ./Drivers/STM32G0xx_HAL_Driver/Src/stm32g0xx_hal_pwr_ex.o
 .debug_info    0x00000000000072d9      0xb9b ./Drivers/STM32G0xx_HAL_Driver/Src/stm32g0xx_hal_rcc.o
 .debug_info    0x0000000000007e74      0xa41 ./Drivers/STM32G0xx_HAL_Driver/Src/stm32g0xx_hal_rcc_ex.o
 .debug_info    0x00000000000088b5      0xc9b ./Drivers/STM32G0xx_HAL_Driver/Src/stm32g0xx_hal_rtc.o
 .debug_info    0x0000000000009550     0x1767 ./Drivers/STM32G0xx_HAL_Driver/Src/stm32g0xx_hal_spi.o
 .debug_info    0x000000000000acb7     0x2c12 ./Drivers/STM32G0xx_HAL_Driver/Src/stm32g0xx_hal_tim.o
 .debug_info    0x000000000000d8c9     0x1923 ./Drivers/STM32G0xx_HAL_Driver/Src/stm32g0xx_hal_tim_ex.o
 .debug_info    0x000000000000f1ec     0x48a0 ./Drivers/STM32G0xx_HAL_Driver/Src/stm32g0xx_hal_uart.o
 .debug_info    0x0000000000013a8c      0xff0 ./Drivers/STM32G0xx_HAL_Driver/Src/stm32g0xx_hal_uart_ex.o
 .debug_info    0x0000000000014a7c      0xf8d ./my_drivers/Src/astronode_application.o
 .debug_info    0x0000000000015a09      0x71d ./my_drivers/Src/astronode_transport.o
 .debug_info    0x0000000000016126     0x3472 ./my_drivers/Src/lis2dw12_reg.o
 .debug_info    0x0000000000019598      0xc14 ./my_drivers/Src/my_lis2dw12.o

.debug_abbrev   0x0000000000000000     0x31bc
 .debug_abbrev  0x0000000000000000      0x3bd ./Core/Src/main.o
 .debug_abbrev  0x00000000000003bd      0x260 ./Core/Src/stm32g0xx_hal_msp.o
 .debug_abbrev  0x000000000000061d      0x1a8 ./Core/Src/stm32g0xx_it.o
 .debug_abbrev  0x00000000000007c5       0xbc ./Core/Src/sysmem.o
 .debug_abbrev  0x0000000000000881      0x119 ./Core/Src/system_stm32g0xx.o
 .debug_abbrev  0x000000000000099a       0x12 ./Core/Startup/startup_stm32g0b1cbtx.o
 .debug_abbrev  0x00000000000009ac      0x27f ./Drivers/STM32G0xx_HAL_Driver/Src/stm32g0xx_hal.o
 .debug_abbrev  0x0000000000000c2b      0x2ab ./Drivers/STM32G0xx_HAL_Driver/Src/stm32g0xx_hal_cortex.o
 .debug_abbrev  0x0000000000000ed6      0x214 ./Drivers/STM32G0xx_HAL_Driver/Src/stm32g0xx_hal_dma.o
 .debug_abbrev  0x00000000000010ea      0x1c8 ./Drivers/STM32G0xx_HAL_Driver/Src/stm32g0xx_hal_gpio.o
 .debug_abbrev  0x00000000000012b2      0x23c ./Drivers/STM32G0xx_HAL_Driver/Src/stm32g0xx_hal_pwr_ex.o
 .debug_abbrev  0x00000000000014ee      0x2aa ./Drivers/STM32G0xx_HAL_Driver/Src/stm32g0xx_hal_rcc.o
 .debug_abbrev  0x0000000000001798      0x244 ./Drivers/STM32G0xx_HAL_Driver/Src/stm32g0xx_hal_rcc_ex.o
 .debug_abbrev  0x00000000000019dc      0x206 ./Drivers/STM32G0xx_HAL_Driver/Src/stm32g0xx_hal_rtc.o
 .debug_abbrev  0x0000000000001be2      0x290 ./Drivers/STM32G0xx_HAL_Driver/Src/stm32g0xx_hal_spi.o
 .debug_abbrev  0x0000000000001e72      0x287 ./Drivers/STM32G0xx_HAL_Driver/Src/stm32g0xx_hal_tim.o
 .debug_abbrev  0x00000000000020f9      0x297 ./Drivers/STM32G0xx_HAL_Driver/Src/stm32g0xx_hal_tim_ex.o
 .debug_abbrev  0x0000000000002390      0x311 ./Drivers/STM32G0xx_HAL_Driver/Src/stm32g0xx_hal_uart.o
 .debug_abbrev  0x00000000000026a1      0x2d3 ./Drivers/STM32G0xx_HAL_Driver/Src/stm32g0xx_hal_uart_ex.o
 .debug_abbrev  0x0000000000002974      0x244 ./my_drivers/Src/astronode_application.o
 .debug_abbrev  0x0000000000002bb8      0x21c ./my_drivers/Src/astronode_transport.o
 .debug_abbrev  0x0000000000002dd4      0x235 ./my_drivers/Src/lis2dw12_reg.o
 .debug_abbrev  0x0000000000003009      0x1b3 ./my_drivers/Src/my_lis2dw12.o

.debug_aranges  0x0000000000000000     0x1838
 .debug_aranges
                0x0000000000000000      0x118 ./Core/Src/main.o
 .debug_aranges
                0x0000000000000118       0x60 ./Core/Src/stm32g0xx_hal_msp.o
 .debug_aranges
                0x0000000000000178       0x50 ./Core/Src/stm32g0xx_it.o
 .debug_aranges
                0x00000000000001c8       0x20 ./Core/Src/sysmem.o
 .debug_aranges
                0x00000000000001e8       0x28 ./Core/Src/system_stm32g0xx.o
 .debug_aranges
                0x0000000000000210       0x28 ./Core/Startup/startup_stm32g0b1cbtx.o
 .debug_aranges
                0x0000000000000238      0x130 ./Drivers/STM32G0xx_HAL_Driver/Src/stm32g0xx_hal.o
 .debug_aranges
                0x0000000000000368       0xe8 ./Drivers/STM32G0xx_HAL_Driver/Src/stm32g0xx_hal_cortex.o
 .debug_aranges
                0x0000000000000450       0x90 ./Drivers/STM32G0xx_HAL_Driver/Src/stm32g0xx_hal_dma.o
 .debug_aranges
                0x00000000000004e0       0x60 ./Drivers/STM32G0xx_HAL_Driver/Src/stm32g0xx_hal_gpio.o
 .debug_aranges
                0x0000000000000540      0x128 ./Drivers/STM32G0xx_HAL_Driver/Src/stm32g0xx_hal_pwr_ex.o
 .debug_aranges
                0x0000000000000668       0xa0 ./Drivers/STM32G0xx_HAL_Driver/Src/stm32g0xx_hal_rcc.o
 .debug_aranges
                0x0000000000000708       0x88 ./Drivers/STM32G0xx_HAL_Driver/Src/stm32g0xx_hal_rcc_ex.o
 .debug_aranges
                0x0000000000000790       0xe8 ./Drivers/STM32G0xx_HAL_Driver/Src/stm32g0xx_hal_rtc.o
 .debug_aranges
                0x0000000000000878      0x1d8 ./Drivers/STM32G0xx_HAL_Driver/Src/stm32g0xx_hal_spi.o
 .debug_aranges
                0x0000000000000a50      0x3e0 ./Drivers/STM32G0xx_HAL_Driver/Src/stm32g0xx_hal_tim.o
 .debug_aranges
                0x0000000000000e30      0x198 ./Drivers/STM32G0xx_HAL_Driver/Src/stm32g0xx_hal_tim_ex.o
 .debug_aranges
                0x0000000000000fc8      0x248 ./Drivers/STM32G0xx_HAL_Driver/Src/stm32g0xx_hal_uart.o
 .debug_aranges
                0x0000000000001210       0xa8 ./Drivers/STM32G0xx_HAL_Driver/Src/stm32g0xx_hal_uart_ex.o
 .debug_aranges
                0x00000000000012b8      0x128 ./my_drivers/Src/astronode_application.o
 .debug_aranges
                0x00000000000013e0       0x58 ./my_drivers/Src/astronode_transport.o
 .debug_aranges
                0x0000000000001438      0x3c8 ./my_drivers/Src/lis2dw12_reg.o
 .debug_aranges
                0x0000000000001800       0x38 ./my_drivers/Src/my_lis2dw12.o

.debug_rnglists
                0x0000000000000000     0x1314
 .debug_rnglists
                0x0000000000000000       0xd4 ./Core/Src/main.o
 .debug_rnglists
                0x00000000000000d4       0x46 ./Core/Src/stm32g0xx_hal_msp.o
 .debug_rnglists
                0x000000000000011a       0x37 ./Core/Src/stm32g0xx_it.o
 .debug_rnglists
                0x0000000000000151       0x13 ./Core/Src/sysmem.o
 .debug_rnglists
                0x0000000000000164       0x1a ./Core/Src/system_stm32g0xx.o
 .debug_rnglists
                0x000000000000017e       0x19 ./Core/Startup/startup_stm32g0b1cbtx.o
 .debug_rnglists
                0x0000000000000197       0xe0 ./Drivers/STM32G0xx_HAL_Driver/Src/stm32g0xx_hal.o
 .debug_rnglists
                0x0000000000000277       0xaa ./Drivers/STM32G0xx_HAL_Driver/Src/stm32g0xx_hal_cortex.o
 .debug_rnglists
                0x0000000000000321       0x72 ./Drivers/STM32G0xx_HAL_Driver/Src/stm32g0xx_hal_dma.o
 .debug_rnglists
                0x0000000000000393       0x45 ./Drivers/STM32G0xx_HAL_Driver/Src/stm32g0xx_hal_gpio.o
 .debug_rnglists
                0x00000000000003d8       0xe0 ./Drivers/STM32G0xx_HAL_Driver/Src/stm32g0xx_hal_pwr_ex.o
 .debug_rnglists
                0x00000000000004b8       0x79 ./Drivers/STM32G0xx_HAL_Driver/Src/stm32g0xx_hal_rcc.o
 .debug_rnglists
                0x0000000000000531       0x69 ./Drivers/STM32G0xx_HAL_Driver/Src/stm32g0xx_hal_rcc_ex.o
 .debug_rnglists
                0x000000000000059a       0xb5 ./Drivers/STM32G0xx_HAL_Driver/Src/stm32g0xx_hal_rtc.o
 .debug_rnglists
                0x000000000000064f      0x17a ./Drivers/STM32G0xx_HAL_Driver/Src/stm32g0xx_hal_spi.o
 .debug_rnglists
                0x00000000000007c9      0x32a ./Drivers/STM32G0xx_HAL_Driver/Src/stm32g0xx_hal_tim.o
 .debug_rnglists
                0x0000000000000af3      0x14e ./Drivers/STM32G0xx_HAL_Driver/Src/stm32g0xx_hal_tim_ex.o
 .debug_rnglists
                0x0000000000000c41      0x1fd ./Drivers/STM32G0xx_HAL_Driver/Src/stm32g0xx_hal_uart.o
 .debug_rnglists
                0x0000000000000e3e       0x80 ./Drivers/STM32G0xx_HAL_Driver/Src/stm32g0xx_hal_uart_ex.o
 .debug_rnglists
                0x0000000000000ebe      0x110 ./my_drivers/Src/astronode_application.o
 .debug_rnglists
                0x0000000000000fce       0x43 ./my_drivers/Src/astronode_transport.o
 .debug_rnglists
                0x0000000000001011      0x2de ./my_drivers/Src/lis2dw12_reg.o
 .debug_rnglists
                0x00000000000012ef       0x25 ./my_drivers/Src/my_lis2dw12.o

.debug_macro    0x0000000000000000    0x1f49f
 .debug_macro   0x0000000000000000      0x3c5 ./Core/Src/main.o
 .debug_macro   0x00000000000003c5      0xa7e ./Core/Src/main.o
 .debug_macro   0x0000000000000e43      0x136 ./Core/Src/main.o
 .debug_macro   0x0000000000000f79       0x2e ./Core/Src/main.o
 .debug_macro   0x0000000000000fa7       0x28 ./Core/Src/main.o
 .debug_macro   0x0000000000000fcf       0x22 ./Core/Src/main.o
 .debug_macro   0x0000000000000ff1       0x8e ./Core/Src/main.o
 .debug_macro   0x000000000000107f       0x51 ./Core/Src/main.o
 .debug_macro   0x00000000000010d0      0x103 ./Core/Src/main.o
 .debug_macro   0x00000000000011d3       0x6a ./Core/Src/main.o
 .debug_macro   0x000000000000123d      0x1df ./Core/Src/main.o
 .debug_macro   0x000000000000141c       0x1c ./Core/Src/main.o
 .debug_macro   0x0000000000001438       0x22 ./Core/Src/main.o
 .debug_macro   0x000000000000145a       0xd1 ./Core/Src/main.o
 .debug_macro   0x000000000000152b      0x4da ./Core/Src/main.o
 .debug_macro   0x0000000000001a05      0x11f ./Core/Src/main.o
 .debug_macro   0x0000000000001b24     0xf3de ./Core/Src/main.o
 .debug_macro   0x0000000000010f02       0x66 ./Core/Src/main.o
 .debug_macro   0x0000000000010f68     0x350e ./Core/Src/main.o
 .debug_macro   0x0000000000014476      0x174 ./Core/Src/main.o
 .debug_macro   0x00000000000145ea       0x5c ./Core/Src/main.o
 .debug_macro   0x0000000000014646      0x72c ./Core/Src/main.o
 .debug_macro   0x0000000000014d72     0x1579 ./Core/Src/main.o
 .debug_macro   0x00000000000162eb      0x535 ./Core/Src/main.o
 .debug_macro   0x0000000000016820      0x1cf ./Core/Src/main.o
 .debug_macro   0x00000000000169ef      0x25b ./Core/Src/main.o
 .debug_macro   0x0000000000016c4a      0x4f5 ./Core/Src/main.o
 .debug_macro   0x000000000001713f      0x280 ./Core/Src/main.o
 .debug_macro   0x00000000000173bf      0x417 ./Core/Src/main.o
 .debug_macro   0x00000000000177d6      0x1b2 ./Core/Src/main.o
 .debug_macro   0x0000000000017988       0x43 ./Core/Src/main.o
 .debug_macro   0x00000000000179cb      0x1f1 ./Core/Src/main.o
 .debug_macro   0x0000000000017bbc      0x1e4 ./Core/Src/main.o
 .debug_macro   0x0000000000017da0      0x3fa ./Core/Src/main.o
 .debug_macro   0x000000000001819a       0x28 ./Core/Src/main.o
 .debug_macro   0x00000000000181c2      0x123 ./Core/Src/main.o
 .debug_macro   0x00000000000182e5      0x145 ./Core/Src/main.o
 .debug_macro   0x000000000001842a      0x30b ./Core/Src/main.o
 .debug_macro   0x0000000000018735      0x328 ./Core/Src/main.o
 .debug_macro   0x0000000000018a5d      0x447 ./Core/Src/main.o
 .debug_macro   0x0000000000018ea4       0xf2 ./Core/Src/main.o
 .debug_macro   0x0000000000018f96      0x2fe ./Core/Src/main.o
 .debug_macro   0x0000000000019294      0xae5 ./Core/Src/main.o
 .debug_macro   0x0000000000019d79      0x239 ./Core/Src/main.o
 .debug_macro   0x0000000000019fb2      0x693 ./Core/Src/main.o
 .debug_macro   0x000000000001a645       0xa6 ./Core/Src/main.o
 .debug_macro   0x000000000001a6eb      0x5df ./Core/Src/main.o
 .debug_macro   0x000000000001acca       0x61 ./Core/Src/main.o
 .debug_macro   0x000000000001ad2b       0x24 ./Core/Src/main.o
 .debug_macro   0x000000000001ad4f       0x43 ./Core/Src/main.o
 .debug_macro   0x000000000001ad92       0x34 ./Core/Src/main.o
 .debug_macro   0x000000000001adc6       0x16 ./Core/Src/main.o
 .debug_macro   0x000000000001addc       0x43 ./Core/Src/main.o
 .debug_macro   0x000000000001ae1f       0x34 ./Core/Src/main.o
 .debug_macro   0x000000000001ae53       0x10 ./Core/Src/main.o
 .debug_macro   0x000000000001ae63       0x58 ./Core/Src/main.o
 .debug_macro   0x000000000001aebb       0x8e ./Core/Src/main.o
 .debug_macro   0x000000000001af49       0x1c ./Core/Src/main.o
 .debug_macro   0x000000000001af65      0x177 ./Core/Src/main.o
 .debug_macro   0x000000000001b0dc      0x369 ./Core/Src/main.o
 .debug_macro   0x000000000001b445       0x10 ./Core/Src/main.o
 .debug_macro   0x000000000001b455       0x35 ./Core/Src/main.o
 .debug_macro   0x000000000001b48a       0x20 ./Core/Src/main.o
 .debug_macro   0x000000000001b4aa       0x1c ./Core/Src/main.o
 .debug_macro   0x000000000001b4c6       0x10 ./Core/Src/main.o
 .debug_macro   0x000000000001b4d6       0x1c ./Core/Src/main.o
 .debug_macro   0x000000000001b4f2       0x16 ./Core/Src/main.o
 .debug_macro   0x000000000001b508      0x147 ./Core/Src/main.o
 .debug_macro   0x000000000001b64f       0x22 ./Core/Src/main.o
 .debug_macro   0x000000000001b671      0x19b ./Core/Src/main.o
 .debug_macro   0x000000000001b80c      0x139 ./Core/Src/main.o
 .debug_macro   0x000000000001b945       0x1c ./Core/Src/main.o
 .debug_macro   0x000000000001b961       0x76 ./Core/Src/main.o
 .debug_macro   0x000000000001b9d7       0x16 ./Core/Src/main.o
 .debug_macro   0x000000000001b9ed       0x16 ./Core/Src/main.o
 .debug_macro   0x000000000001ba03       0x29 ./Core/Src/main.o
 .debug_macro   0x000000000001ba2c       0x34 ./Core/Src/main.o
 .debug_macro   0x000000000001ba60       0x16 ./Core/Src/main.o
 .debug_macro   0x000000000001ba76      0x1bd ./Core/Src/main.o
 .debug_macro   0x000000000001bc33      0x3bf ./Core/Src/stm32g0xx_hal_msp.o
 .debug_macro   0x000000000001bff2      0x3c9 ./Core/Src/stm32g0xx_it.o
 .debug_macro   0x000000000001c3bb       0xff ./Core/Src/sysmem.o
 .debug_macro   0x000000000001c4ba      0x23c ./Core/Src/sysmem.o
 .debug_macro   0x000000000001c6f6      0x20d ./Core/Src/system_stm32g0xx.o
 .debug_macro   0x000000000001c903      0x231 ./Drivers/STM32G0xx_HAL_Driver/Src/stm32g0xx_hal.o
 .debug_macro   0x000000000001cb34      0x20d ./Drivers/STM32G0xx_HAL_Driver/Src/stm32g0xx_hal_cortex.o
 .debug_macro   0x000000000001cd41      0x20d ./Drivers/STM32G0xx_HAL_Driver/Src/stm32g0xx_hal_dma.o
 .debug_macro   0x000000000001cf4e      0x214 ./Drivers/STM32G0xx_HAL_Driver/Src/stm32g0xx_hal_gpio.o
 .debug_macro   0x000000000001d162      0x237 ./Drivers/STM32G0xx_HAL_Driver/Src/stm32g0xx_hal_pwr_ex.o
 .debug_macro   0x000000000001d399      0x255 ./Drivers/STM32G0xx_HAL_Driver/Src/stm32g0xx_hal_rcc.o
 .debug_macro   0x000000000001d5ee      0x225 ./Drivers/STM32G0xx_HAL_Driver/Src/stm32g0xx_hal_rcc_ex.o
 .debug_macro   0x000000000001d813      0x20e ./Drivers/STM32G0xx_HAL_Driver/Src/stm32g0xx_hal_rtc.o
 .debug_macro   0x000000000001da21      0x215 ./Drivers/STM32G0xx_HAL_Driver/Src/stm32g0xx_hal_spi.o
 .debug_macro   0x000000000001dc36      0x215 ./Drivers/STM32G0xx_HAL_Driver/Src/stm32g0xx_hal_tim.o
 .debug_macro   0x000000000001de4b      0x213 ./Drivers/STM32G0xx_HAL_Driver/Src/stm32g0xx_hal_tim_ex.o
 .debug_macro   0x000000000001e05e      0x238 ./Drivers/STM32G0xx_HAL_Driver/Src/stm32g0xx_hal_uart.o
 .debug_macro   0x000000000001e296      0x219 ./Drivers/STM32G0xx_HAL_Driver/Src/stm32g0xx_hal_uart_ex.o
 .debug_macro   0x000000000001e4af      0x512 ./my_drivers/Src/astronode_application.o
 .debug_macro   0x000000000001e9c1      0x11f ./my_drivers/Src/astronode_application.o
 .debug_macro   0x000000000001eae0       0x10 ./my_drivers/Src/astronode_application.o
 .debug_macro   0x000000000001eaf0       0x56 ./my_drivers/Src/astronode_application.o
 .debug_macro   0x000000000001eb46      0x3df ./my_drivers/Src/astronode_transport.o
 .debug_macro   0x000000000001ef25       0x16 ./my_drivers/Src/astronode_transport.o
 .debug_macro   0x000000000001ef3b       0x97 ./my_drivers/Src/astronode_transport.o
 .debug_macro   0x000000000001efd2       0xfd ./my_drivers/Src/astronode_transport.o
 .debug_macro   0x000000000001f0cf       0x16 ./my_drivers/Src/astronode_transport.o
 .debug_macro   0x000000000001f0e5       0x16 ./my_drivers/Src/astronode_transport.o
 .debug_macro   0x000000000001f0fb      0x126 ./my_drivers/Src/lis2dw12_reg.o
 .debug_macro   0x000000000001f221      0x140 ./my_drivers/Src/lis2dw12_reg.o
 .debug_macro   0x000000000001f361      0x13e ./my_drivers/Src/my_lis2dw12.o

.debug_line     0x0000000000000000    0x1b52d
 .debug_line    0x0000000000000000     0x1289 ./Core/Src/main.o
 .debug_line    0x0000000000001289      0xd29 ./Core/Src/stm32g0xx_hal_msp.o
 .debug_line    0x0000000000001fb2      0xc16 ./Core/Src/stm32g0xx_it.o
 .debug_line    0x0000000000002bc8      0x66c ./Core/Src/sysmem.o