../Core/Src/main.c:124:5:main	296	static,ignoring_inline_asm
../Core/Src/main.c:392:6:SystemClock_Config	96	static
../Core/Src/main.c:434:13:MX_RTC_Init	8	static
../Core/Src/main.c:471:13:MX_SPI1_Init	8	static
../Core/Src/main.c:511:13:MX_TIM6_Init	24	static
../Core/Src/main.c:549:13:MX_USART2_UART_Init	8	static
../Core/Src/main.c:597:13:MX_USART3_UART_Init	8	static
../Core/Src/main.c:645:13:MX_USART5_UART_Init	8	static
../Core/Src/main.c:686:13:MX_GPIO_Init	56	static
../Core/Src/main.c:789:6:send_debug_logs	24	static
../Core/Src/main.c:805:9:my_lis2dw12_platform_write	32	static
../Core/Src/main.c:816:9:my_lis2dw12_platform_read	32	static
../Core/Src/main.c:829:6:my_gnss_on	8	static
../Core/Src/main.c:835:6:my_gnss_off	8	static
../Core/Src/main.c:842:6:HAL_TIM_PeriodElapsedCallback	16	static
../Core/Src/main.c:855:6:my_tim_init	8	static
../Core/Src/main.c:860:6:my_tim_start	8	static
../Core/Src/main.c:866:6:my_tim_stop	8	static
../Core/Src/main.c:870:6:reset_astronode	8	static
../Core/Src/main.c:877:6:send_astronode_request	16	static
../Core/Src/main.c:883:10:get_systick	8	static
../Core/Src/main.c:887:6:is_systick_timeout_over	16	static
../Core/Src/main.c:891:6:is_astronode_character_received	16	static
../Core/Src/main.c:899:9:fifo_init	32	static
../Core/Src/main.c:928:6:fifo_is_empty	24	static
../Core/Src/main.c:939:9:fifo_put	24	static
../Core/Src/main.c:970:9:fifo_get	24	static
../Core/Src/main.c:1006:6:EXTI4_15_IRQHandler	8	static
../Core/Src/main.c:1010:6:USART3_4_5_6_LPUART1_IRQHandler	8	static
../Core/Src/main.c:1013:6:HAL_UART_RxCpltCallback	16	static
../Core/Src/main.c:1040:6:HAL_GPIO_EXTI_Rising_Callback	16	static
../Core/Src/main.c:1054:6:Error_Handler	8	static,ignoring_inline_asm
