../Core/Src/main.c:119:5:main	296	static,ignoring_inline_asm
../Core/Src/main.c:372:6:SystemClock_Config	96	static
../Core/Src/main.c:414:13:MX_RTC_Init	8	static
../Core/Src/main.c:451:13:MX_SPI1_Init	8	static
../Core/Src/main.c:491:13:MX_TIM6_Init	24	static
../Core/Src/main.c:529:13:MX_USART2_UART_Init	8	static
../Core/Src/main.c:577:13:MX_USART3_UART_Init	8	static
../Core/Src/main.c:625:13:MX_USART5_UART_Init	8	static
../Core/Src/main.c:666:13:MX_GPIO_Init	56	static
../Core/Src/main.c:769:6:send_debug_logs	24	static
../Core/Src/main.c:785:9:my_lis2dw12_platform_write	32	static
../Core/Src/main.c:796:9:my_lis2dw12_platform_read	32	static
../Core/Src/main.c:809:6:my_gnss_on	8	static
../Core/Src/main.c:815:6:my_gnss_off	8	static
../Core/Src/main.c:822:6:HAL_TIM_PeriodElapsedCallback	16	static
../Core/Src/main.c:835:6:my_tim_init	8	static
../Core/Src/main.c:840:6:my_tim_start	8	static
../Core/Src/main.c:846:6:my_tim_stop	8	static
../Core/Src/main.c:850:6:reset_astronode	8	static
../Core/Src/main.c:857:6:send_astronode_request	16	static
../Core/Src/main.c:863:10:get_systick	8	static
../Core/Src/main.c:867:6:is_systick_timeout_over	16	static
../Core/Src/main.c:871:6:is_astronode_character_received	16	static
../Core/Src/main.c:879:9:fifo_init	32	static
../Core/Src/main.c:908:6:fifo_is_empty	24	static
../Core/Src/main.c:919:9:fifo_put	24	static
../Core/Src/main.c:950:9:fifo_get	24	static
../Core/Src/main.c:994:6:EXTI4_15_IRQHandler	8	static
../Core/Src/main.c:998:6:USART3_4_5_6_LPUART1_IRQHandler	8	static
../Core/Src/main.c:1001:6:HAL_UART_RxCpltCallback	16	static
../Core/Src/main.c:1028:6:HAL_GPIO_EXTI_Rising_Callback	16	static
../Core/Src/main.c:1034:6:Error_Handler	8	static,ignoring_inline_asm
